
Optional file libmchp_peripheral.a not found

Optional file libmchp_peripheral_32MX795F512L.a not found
Archive member included because of file (symbol)

c:/program files (x86)/microchip/xc32/v1.40/bin/bin/../../lib/gcc/pic32mx/4.8.3/../../../../pic32mx/lib\libpic32.a(memcpy.o)
                              build/default/production/_ext/1128951024/queue.o (memcpy)
c:/program files (x86)/microchip/xc32/v1.40/bin/bin/../../lib/gcc/pic32mx/4.8.3/../../../../pic32mx/lib\libpic32.a(memset.o)
                              build/default/production/_ext/1128951024/tasks.o (memset)
c:/program files (x86)/microchip/xc32/v1.40/bin/bin/../../lib/gcc/pic32mx/4.8.3/../../../../pic32mx/lib\libpic32.a(default-bootstrap-exception-handler.o)
                              c:/program files (x86)/microchip/xc32/v1.40/bin/bin/../../lib/gcc/pic32mx/4.8.3/../../../../pic32mx/lib/./proc/32MX795F512L/crt0_mips32r2.o (_bootstrap_exception_handler)
c:/program files (x86)/microchip/xc32/v1.40/bin/bin/../../lib/gcc/pic32mx/4.8.3/../../../../pic32mx/lib\libpic32.a(default-on-reset.o)
                              c:/program files (x86)/microchip/xc32/v1.40/bin/bin/../../lib/gcc/pic32mx/4.8.3/../../../../pic32mx/lib/./proc/32MX795F512L/crt0_mips32r2.o (_on_reset)
c:/program files (x86)/microchip/xc32/v1.40/bin/bin/../../lib/gcc/pic32mx/4.8.3/../../../../pic32mx/lib\libpic32.a(default-on-bootstrap.o)
                              c:/program files (x86)/microchip/xc32/v1.40/bin/bin/../../lib/gcc/pic32mx/4.8.3/../../../../pic32mx/lib/./proc/32MX795F512L/crt0_mips32r2.o (_on_bootstrap)
c:/program files (x86)/microchip/xc32/v1.40/bin/bin/../../lib/gcc/pic32mx/4.8.3/../../../../pic32mx/lib\libpic32.a(default-nmi-handler.o)
                              c:/program files (x86)/microchip/xc32/v1.40/bin/bin/../../lib/gcc/pic32mx/4.8.3/../../../../pic32mx/lib/./proc/32MX795F512L/crt0_mips32r2.o (_nmi_handler)
c:/program files (x86)/microchip/xc32/v1.40/bin/bin/../../lib/gcc/pic32mx/4.8.3/../../../../pic32mx/lib\libpic32.a(general-exception.o)
                              c:/program files (x86)/microchip/xc32/v1.40/bin/bin/../../lib/gcc/pic32mx/4.8.3/../../../../pic32mx/lib/./proc/32MX795F512L/crt0_mips32r2.o (_general_exception_context)
c:/program files (x86)/microchip/xc32/v1.40/bin/bin/../../lib/gcc/pic32mx/4.8.3/../../../../pic32mx/lib\libpic32.a(vector0.o)
                              c:/program files (x86)/microchip/xc32/v1.40/bin/bin/../../lib/gcc/pic32mx/4.8.3/../../../../pic32mx/lib/./proc/32MX795F512L\default_isr_vectors.o (__vector_dispatch_0)
c:/program files (x86)/microchip/xc32/v1.40/bin/bin/../../lib/gcc/pic32mx/4.8.3/../../../../pic32mx/lib\libpic32.a(vector2.o)
                              c:/program files (x86)/microchip/xc32/v1.40/bin/bin/../../lib/gcc/pic32mx/4.8.3/../../../../pic32mx/lib/./proc/32MX795F512L\default_isr_vectors.o (__vector_dispatch_2)
c:/program files (x86)/microchip/xc32/v1.40/bin/bin/../../lib/gcc/pic32mx/4.8.3/../../../../pic32mx/lib\libpic32.a(vector3.o)
                              c:/program files (x86)/microchip/xc32/v1.40/bin/bin/../../lib/gcc/pic32mx/4.8.3/../../../../pic32mx/lib/./proc/32MX795F512L\default_isr_vectors.o (__vector_dispatch_3)
c:/program files (x86)/microchip/xc32/v1.40/bin/bin/../../lib/gcc/pic32mx/4.8.3/../../../../pic32mx/lib\libpic32.a(vector5.o)
                              c:/program files (x86)/microchip/xc32/v1.40/bin/bin/../../lib/gcc/pic32mx/4.8.3/../../../../pic32mx/lib/./proc/32MX795F512L\default_isr_vectors.o (__vector_dispatch_5)
c:/program files (x86)/microchip/xc32/v1.40/bin/bin/../../lib/gcc/pic32mx/4.8.3/../../../../pic32mx/lib\libpic32.a(vector6.o)
                              c:/program files (x86)/microchip/xc32/v1.40/bin/bin/../../lib/gcc/pic32mx/4.8.3/../../../../pic32mx/lib/./proc/32MX795F512L\default_isr_vectors.o (__vector_dispatch_6)
c:/program files (x86)/microchip/xc32/v1.40/bin/bin/../../lib/gcc/pic32mx/4.8.3/../../../../pic32mx/lib\libpic32.a(vector7.o)
                              c:/program files (x86)/microchip/xc32/v1.40/bin/bin/../../lib/gcc/pic32mx/4.8.3/../../../../pic32mx/lib/./proc/32MX795F512L\default_isr_vectors.o (__vector_dispatch_7)
c:/program files (x86)/microchip/xc32/v1.40/bin/bin/../../lib/gcc/pic32mx/4.8.3/../../../../pic32mx/lib\libpic32.a(vector8.o)
                              c:/program files (x86)/microchip/xc32/v1.40/bin/bin/../../lib/gcc/pic32mx/4.8.3/../../../../pic32mx/lib/./proc/32MX795F512L\default_isr_vectors.o (__vector_dispatch_8)
c:/program files (x86)/microchip/xc32/v1.40/bin/bin/../../lib/gcc/pic32mx/4.8.3/../../../../pic32mx/lib\libpic32.a(vector9.o)
                              c:/program files (x86)/microchip/xc32/v1.40/bin/bin/../../lib/gcc/pic32mx/4.8.3/../../../../pic32mx/lib/./proc/32MX795F512L\default_isr_vectors.o (__vector_dispatch_9)
c:/program files (x86)/microchip/xc32/v1.40/bin/bin/../../lib/gcc/pic32mx/4.8.3/../../../../pic32mx/lib\libpic32.a(vector10.o)
[...]
Memory Configuration

Name             Origin             Length             Attributes
kseg0_program_mem 0x9d000000         0x00080000         xr
kseg0_boot_mem   0x9fc00490         0x00000970
exception_mem    0x9fc01000         0x00001000
kseg1_boot_mem   0xbfc00000         0x00000490
debug_exec_mem   0xbfc02000         0x00000ff0
config3          0xbfc02ff0         0x00000004
config2          0xbfc02ff4         0x00000004
config1          0xbfc02ff8         0x00000004
config0          0xbfc02ffc         0x00000004
kseg1_data_mem   0xa0000000         0x00020000         w !x
sfrs             0xbf800000         0x00100000
configsfrs       0xbfc02ff0         0x00000010
*default*        0x00000000         0xffffffff

Linker script and memory map

LOAD c:/program files (x86)/microchip/xc32/v1.40/bin/bin/../../lib/gcc/pic32mx/4.8.3/../../../../pic32mx/lib/./proc/32MX795F512L/crt0_mips32r2.o
LOAD c:/program files (x86)/microchip/xc32/v1.40/bin/bin/../../lib/gcc/pic32mx/4.8.3/../../../../pic32mx/lib\debug-exception-return.o
LOAD build/default/production/_ext/24337685/osal_freertos.o
LOAD build/default/production/_ext/1271179505/sys_devcon.o
LOAD build/default/production/_ext/1271179505/sys_devcon_pic32mx.o
LOAD build/default/production/_ext/122796885/sys_int_pic32.o
LOAD build/default/production/_ext/77319752/sys_ports.o
LOAD build/default/production/_ext/1128951024/croutine.o
LOAD build/default/production/_ext/1128951024/list.o
LOAD build/default/production/_ext/1128951024/queue.o
LOAD build/default/production/_ext/1128951024/tasks.o
LOAD build/default/production/_ext/1128951024/timers.o
LOAD build/default/production/_ext/1128951024/event_groups.o
LOAD build/default/production/_ext/1856876499/heap_1.o
LOAD build/default/production/_ext/12131622/port.o
LOAD build/default/production/_ext/12131622/port_asm.o
LOAD build/default/production/_ext/1360937237/app.o
LOAD build/default/production/_ext/1361460060/drv_adc_static.o
LOAD build/default/production/_ext/1345626252/drv_usart_static.o
LOAD build/default/production/_ext/639803181/sys_clk_static.o
LOAD build/default/production/_ext/822048611/sys_ports_static.o
LOAD build/default/production/_ext/1688732426/system_init.o
LOAD build/default/production/_ext/1688732426/system_interrupt.o
LOAD build/default/production/_ext/1688732426/system_exceptions.o
LOAD build/default/production/_ext/1360937237/main.o
LOAD build/default/production/_ext/1688732426/system_tasks.o
LOAD build/default/production/_ext/1688732426/system_interrupt_a.o
LOAD build/default/production/_ext/1688732426/rtos_hooks.o
LOAD ..\..\..\..\bin\framework\peripheral\PIC32MX795F512L_peripherals.a
                0x00000001                __MPLAB_BUILD = 0x1
                0x00000000                _min_heap_size = 0x0
LOAD c:/program files (x86)/microchip/xc32/v1.40/bin/bin/../../lib/gcc/pic32mx/4.8.3/../../../../pic32mx/lib/./proc/32MX795F512L\default_isr_vectors.o
LOAD c:/program files (x86)/microchip/xc32/v1.40/bin/bin/../../lib/gcc/pic32mx/4.8.3/../../../../pic32mx/lib\pic32_software_reset.o
                0x00000400                PROVIDE (_min_stack_size, 0x400)
LOAD c:/program files (x86)/microchip/xc32/v1.40/bin/bin/../../lib/gcc/pic32mx/4.8.3/../../../../pic32mx/lib/./proc/32MX795F512L\processor.o
START GROUP
LOAD libmchp_peripheral.a
END GROUP
START GROUP
LOAD libmchp_peripheral_32MX795F512L.a
END GROUP
                0x00000001                PROVIDE (_vector_spacing, 0x1)
                0x9fc01000                _ebase_address = 0x9fc01000
                0xbfc00000                _RESET_ADDR = 0xbfc00000
                0xbfc00380                _BEV_EXCPT_ADDR = 0xbfc00380
                0xbfc00480                _DBG_EXCPT_ADDR = 0xbfc00480
                0xbfc02000                _DBG_CODE_ADDR = 0xbfc02000
                0x00000ff0                _DBG_CODE_SIZE = 0xff0
                0x9fc01180                _GEN_EXCPT_ADDR = (_ebase_address + 0x180)

.config_BFC02FF0
                0xbfc02ff0        0x4
 *(.config_BFC02FF0)
 .config_BFC02FF0
                0xbfc02ff0        0x4 build/default/production/_ext/1688732426/system_init.o

.config_BFC02FF4
                0xbfc02ff4        0x4
 *(.config_BFC02FF4)
 .config_BFC02FF4
                0xbfc02ff4        0x4 build/default/production/_ext/1688732426/system_init.o

.config_BFC02FF8
                0xbfc02ff8        0x4
 *(.config_BFC02FF8)
 .config_BFC02FF8
                0xbfc02ff8        0x4 build/default/production/_ext/1688732426/system_init.o

.config_BFC02FFC
                0xbfc02ffc        0x4
 *(.config_BFC02FFC)
 .config_BFC02FFC
                0xbfc02ffc        0x4 build/default/production/_ext/1688732426/system_init.o
                0xbfc02000                PROVIDE (_DBG_CODE_ADDR, 0xbfc02000)
                0x00000ff0                PROVIDE (_DBG_CODE_SIZE, 0xff0)

.reset          0xbfc00000      0x1f4
 *(.reset)
 .reset         0xbfc00000        0x8 c:/program files (x86)/microchip/xc32/v1.40/bin/bin/../../lib/gcc/pic32mx/4.8.3/../../../../pic32mx/lib/./proc/32MX795F512L/crt0_mips32r2.o
                0xbfc00000                _reset
 *(.reset.startup)
 .reset.startup
                0xbfc00008      0x1ec c:/program files (x86)/microchip/xc32/v1.40/bin/bin/../../lib/gcc/pic32mx/4.8.3/../../../../pic32mx/lib/./proc/32MX795F512L/crt0_mips32r2.o

.bev_excpt      0xbfc00380       0x10
 *(.bev_handler)
 .bev_handler   0xbfc00380       0x10 c:/program files (x86)/microchip/xc32/v1.40/bin/bin/../../lib/gcc/pic32mx/4.8.3/../../../../pic32mx/lib/./proc/32MX795F512L/crt0_mips32r2.o

.dbg_excpt      0xbfc00480        0x0
                0xbfc00480                . = (. + DEFINED (_DEBUGGER)?0x8:0x0)

.dbg_code       0xbfc02000        0x0
                0xbfc02000                . = (. + DEFINED (_DEBUGGER)?_DBG_CODE_SIZE:0x0)

.app_excpt      0x9fc01180       0x10
 *(.gen_handler)
 .gen_handler   0x9fc01180       0x10 c:/program files (x86)/microchip/xc32/v1.40/bin/bin/../../lib/gcc/pic32mx/4.8.3/../../../../pic32mx/lib/./proc/32MX795F512L/crt0_mips32r2.o

.vector_0       0x9fc01200        0x8
 *(.vector_0)
 .vector_0      0x9fc01200        0x8 c:/program files (x86)/microchip/xc32/v1.40/bin/bin/../../lib/gcc/pic32mx/4.8.3/../../../../pic32mx/lib\libpic32.a(vector0.o)
                0x9fc01200                __vector_dispatch_0
                0x00000001                ASSERT (((_vector_spacing == 0x0) || (SIZEOF (.vector_0) <= (_vector_spacing << 0x5))), function at exception vector 0 too large)

.vector_1       0x9fc01220        0x8
 *(.vector_1)
 .vector_1      0x9fc01220        0x8 build/default/production/_ext/12131622/port.o
                0x9fc01220                __vector_dispatch_1
                0x00000001                ASSERT (((_vector_spacing == 0x0) || (SIZEOF (.vector_1) <= (_vector_spacing << 0x5))), function at exception vector 1 too large)

.vector_2       0x9fc01240        0x8
 *(.vector_2)
 .vector_2      0x9fc01240        0x8 c:/program files (x86)/microchip/xc32/v1.40/bin/bin/../../lib/gcc/pic32mx/4.8.3/../../../../pic32mx/lib\libpic32.a(vector2.o)
                0x9fc01240                __vector_dispatch_2
                0x00000001                ASSERT (((_vector_spacing == 0x0) || (SIZEOF (.vector_2) <= (_vector_spacing << 0x5))), function at exception vector 2 too large)

.vector_3       0x9fc01260        0x8
 *(.vector_3)
 .vector_3      0x9fc01260        0x8 c:/program files (x86)/microchip/xc32/v1.40/bin/bin/../../lib/gcc/pic32mx/4.8.3/../../../../pic32mx/lib\libpic32.a(vector3.o)
                0x9fc01260                __vector_dispatch_3
                0x00000001                ASSERT (((_vector_spacing == 0x0) || (SIZEOF (.vector_3) <= (_vector_spacing << 0x5))), function at exception vector 3 too large)

.vector_4       0x9fc01280        0x8
 *(.vector_4)
 .vector_4      0x9fc01280        0x8 build/default/production/_ext/12131622/port.o
                0x9fc01280                __vector_dispatch_4
                0x00000001                ASSERT (((_vector_spacing == 0x0) || (SIZEOF (.vector_4) <= (_vector_spacing << 0x5))), function at exception vector 4 too large)

.vector_5       0x9fc012a0        0x8
 *(.vector_5)
 .vector_5      0x9fc012a0        0x8 c:/program files (x86)/microchip/xc32/v1.40/bin/bin/../../lib/gcc/pic32mx/4.8.3/../../../../pic32mx/lib\libpic32.a(vector5.o)
                0x9fc012a0                __vector_dispatch_5
                0x00000001                ASSERT (((_vector_spacing == 0x0) || (SIZEOF (.vector_5) <= (_vector_spacing << 0x5))), function at exception vector 5 too large)

.vector_6       0x9fc012c0        0x8
 *(.vector_6)
 .vector_6      0x9fc012c0        0x8 c:/program files (x86)/microchip/xc32/v1.40/bin/bin/../../lib/gcc/pic32mx/4.8.3/../../../../pic32mx/lib\libpic32.a(vector6.o)
                0x9fc012c0                __vector_dispatch_6
                0x00000001                ASSERT (((_vector_spacing == 0x0) || (SIZEOF (.vector_6) <= (_vector_spacing << 0x5))), function at exception vector 6 too large)

.vector_7       0x9fc012e0        0x8
 *(.vector_7)
 .vector_7      0x9fc012e0        0x8 c:/program files (x86)/microchip/xc32/v1.40/bin/bin/../../lib/gcc/pic32mx/4.8.3/../../../../pic32mx/lib\libpic32.a(vector7.o)
                0x9fc012e0                __vector_dispatch_7
                0x00000001                ASSERT (((_vector_spacing == 0x0) || (SIZEOF (.vector_7) <= (_vector_spacing << 0x5))), function at exception vector 7 too large)

.vector_8       0x9fc01300        0x8
 *(.vector_8)
 .vector_8      0x9fc01300        0x8 c:/program files (x86)/microchip/xc32/v1.40/bin/bin/../../lib/gcc/pic32mx/4.8.3/../../../../pic32mx/lib\libpic32.a(vector8.o)
                0x9fc01300                __vector_dispatch_8
                0x00000001                ASSERT (((_vector_spacing == 0x0) || (SIZEOF (.vector_8) <= (_vector_spacing << 0x5))), function at exception vector 8 too large)

.vector_9       0x9fc01320        0x8
 *(.vector_9)
 .vector_9      0x9fc01320        0x8 c:/program files (x86)/microchip/xc32/v1.40/bin/bin/../../lib/gcc/pic32mx/4.8.3/../../../../pic32mx/lib\libpic32.a(vector9.o)
                0x9fc01320                __vector_dispatch_9
                0x00000001                ASSERT (((_vector_spacing == 0x0) || (SIZEOF (.vector_9) <= (_vector_spacing << 0x5))), function at exception vector 9 too large)

.vector_10      0x9fc01340        0x8
 *(.vector_10)
 .vector_10     0x9fc01340        0x8 c:/program files (x86)/microchip/xc32/v1.40/bin/bin/../../lib/gcc/pic32mx/4.8.3/../../../../pic32mx/lib\libpic32.a(vector10.o)
                0x9fc01340                __vector_dispatch_10
                0x00000001                ASSERT (((_vector_spacing == 0x0) || (SIZEOF (.vector_10) <= (_vector_spacing << 0x5))), function at exception vector 10 too large)

.vector_11      0x9fc01360        0x8
 *(.vector_11)
 .vector_11     0x9fc01360        0x8 c:/program files (x86)/microchip/xc32/v1.40/bin/bin/../../lib/gcc/pic32mx/4.8.3/../../../../pic32mx/lib\libpic32.a(vector11.o)
                0x9fc01360                __vector_dispatch_11
                0x00000001                ASSERT (((_vector_spacing == 0x0) || (SIZEOF (.vector_11) <= (_vector_spacing << 0x5))), function at exception vector 11 too large)

.vector_12      0x9fc01380        0x8
 *(.vector_12)
 .vector_12     0x9fc01380        0x8 c:/program files (x86)/microchip/xc32/v1.40/bin/bin/../../lib/gcc/pic32mx/4.8.3/../../../../pic32mx/lib\libpic32.a(vector12.o)
                0x9fc01380                __vector_dispatch_12
                0x00000001                ASSERT (((_vector_spacing == 0x0) || (SIZEOF (.vector_12) <= (_vector_spacing << 0x5))), function at exception vector 12 too large)

.vector_13      0x9fc013a0        0x8
 *(.vector_13)
 .vector_13     0x9fc013a0        0x8 c:/program files (x86)/microchip/xc32/v1.40/bin/bin/../../lib/gcc/pic32mx/4.8.3/../../../../pic32mx/lib\libpic32.a(vector13.o)
                0x9fc013a0                __vector_dispatch_13
                0x00000001                ASSERT (((_vector_spacing == 0x0) || (SIZEOF (.vector_13) <= (_vector_spacing << 0x5))), function at exception vector 13 too large)

.vector_14      0x9fc013c0        0x8
 *(.vector_14)
 .vector_14     0x9fc013c0        0x8 c:/program files (x86)/microchip/xc32/v1.40/bin/bin/../../lib/gcc/pic32mx/4.8.3/../../../../pic32mx/lib\libpic32.a(vector14.o)
                0x9fc013c0                __vector_dispatch_14
                0x00000001                ASSERT (((_vector_spacing == 0x0) || (SIZEOF (.vector_14) <= (_vector_spacing << 0x5))), function at exception vector 14 too large)

.vector_15      0x9fc013e0        0x8
 *(.vector_15)
 .vector_15     0x9fc013e0        0x8 c:/program files (x86)/microchip/xc32/v1.40/bin/bin/../../lib/gcc/pic32mx/4.8.3/../../../../pic32mx/lib\libpic32.a(vector15.o)
                0x9fc013e0                __vector_dispatch_15
                0x00000001                ASSERT (((_vector_spacing == 0x0) || (SIZEOF (.vector_15) <= (_vector_spacing << 0x5))), function at exception vector 15 too large)

.vector_16      0x9fc01400        0x8
 *(.vector_16)
 .vector_16     0x9fc01400        0x8 c:/program files (x86)/microchip/xc32/v1.40/bin/bin/../../lib/gcc/pic32mx/4.8.3/../../../../pic32mx/lib\libpic32.a(vector16.o)
                0x9fc01400                __vector_dispatch_16
                0x00000001                ASSERT (((_vector_spacing == 0x0) || (SIZEOF (.vector_16) <= (_vector_spacing << 0x5))), function at exception vector 16 too large)

.vector_17      0x9fc01420        0x8
 *(.vector_17)
 .vector_17     0x9fc01420        0x8 c:/program files (x86)/microchip/xc32/v1.40/bin/bin/../../lib/gcc/pic32mx/4.8.3/../../../../pic32mx/lib\libpic32.a(vector17.o)
                0x9fc01420                __vector_dispatch_17
                0x00000001                ASSERT (((_vector_spacing == 0x0) || (SIZEOF (.vector_17) <= (_vector_spacing << 0x5))), function at exception vector 17 too large)

.vector_18      0x9fc01440        0x8
 *(.vector_18)
 .vector_18     0x9fc01440        0x8 c:/program files (x86)/microchip/xc32/v1.40/bin/bin/../../lib/gcc/pic32mx/4.8.3/../../../../pic32mx/lib\libpic32.a(vector18.o)
                0x9fc01440                __vector_dispatch_18
                0x00000001                ASSERT (((_vector_spacing == 0x0) || (SIZEOF (.vector_18) <= (_vector_spacing << 0x5))), function at exception vector 18 too large)

.vector_19      0x9fc01460        0x8
 *(.vector_19)
 .vector_19     0x9fc01460        0x8 c:/program files (x86)/microchip/xc32/v1.40/bin/bin/../../lib/gcc/pic32mx/4.8.3/../../../../pic32mx/lib\libpic32.a(vector19.o)
                0x9fc01460                __vector_dispatch_19
                0x00000001                ASSERT (((_vector_spacing == 0x0) || (SIZEOF (.vector_19) <= (_vector_spacing << 0x5))), function at exception vector 19 too large)

.vector_20      0x9fc01480        0x8
 *(.vector_20)
 .vector_20     0x9fc01480        0x8 c:/program files (x86)/microchip/xc32/v1.40/bin/bin/../../lib/gcc/pic32mx/4.8.3/../../../../pic32mx/lib\libpic32.a(vector20.o)
                0x9fc01480                __vector_dispatch_20
                0x00000001                ASSERT (((_vector_spacing == 0x0) || (SIZEOF (.vector_20) <= (_vector_spacing << 0x5))), function at exception vector 20 too large)

.vector_21      0x9fc014a0        0x8
 *(.vector_21)
 .vector_21     0x9fc014a0        0x8 c:/program files (x86)/microchip/xc32/v1.40/bin/bin/../../lib/gcc/pic32mx/4.8.3/../../../../pic32mx/lib\libpic32.a(vector21.o)
                0x9fc014a0                __vector_dispatch_21
                0x00000001                ASSERT (((_vector_spacing == 0x0) || (SIZEOF (.vector_21) <= (_vector_spacing << 0x5))), function at exception vector 21 too large)

.vector_22      0x9fc014c0        0x8
 *(.vector_22)
 .vector_22     0x9fc014c0        0x8 c:/program files (x86)/microchip/xc32/v1.40/bin/bin/../../lib/gcc/pic32mx/4.8.3/../../../../pic32mx/lib\libpic32.a(vector22.o)
                0x9fc014c0                __vector_dispatch_22
                0x00000001                ASSERT (((_vector_spacing == 0x0) || (SIZEOF (.vector_22) <= (_vector_spacing << 0x5))), function at exception vector 22 too large)

.vector_23      0x9fc014e0        0x8
 *(.vector_23)
 .vector_23     0x9fc014e0        0x8 c:/program files (x86)/microchip/xc32/v1.40/bin/bin/../../lib/gcc/pic32mx/4.8.3/../../../../pic32mx/lib\libpic32.a(vector23.o)
                0x9fc014e0                __vector_dispatch_23
                0x00000001                ASSERT (((_vector_spacing == 0x0) || (SIZEOF (.vector_23) <= (_vector_spacing << 0x5))), function at exception vector 23 too large)

.vector_24      0x9fc01500       0x10
 *(.vector_24)
 .vector_24     0x9fc01500       0x10 build/default/production/_ext/1688732426/system_interrupt_a.o
                0x9fc01500                __vector_dispatch_24
                0x00000001                ASSERT (((_vector_spacing == 0x0) || (SIZEOF (.vector_24) <= (_vector_spacing << 0x5))), function at exception vector 24 too large)

.vector_25      0x9fc01520        0x8
 *(.vector_25)
 .vector_25     0x9fc01520        0x8 c:/program files (x86)/microchip/xc32/v1.40/bin/bin/../../lib/gcc/pic32mx/4.8.3/../../../../pic32mx/lib\libpic32.a(vector25.o)
                0x9fc01520                __vector_dispatch_25
                0x00000001                ASSERT (((_vector_spacing == 0x0) || (SIZEOF (.vector_25) <= (_vector_spacing << 0x5))), function at exception vector 25 too large)

.vector_26      0x9fc01540        0x8
 *(.vector_26)
 .vector_26     0x9fc01540        0x8 c:/program files (x86)/microchip/xc32/v1.40/bin/bin/../../lib/gcc/pic32mx/4.8.3/../../../../pic32mx/lib\libpic32.a(vector26.o)
                0x9fc01540                __vector_dispatch_26
                0x00000001                ASSERT (((_vector_spacing == 0x0) || (SIZEOF (.vector_26) <= (_vector_spacing << 0x5))), function at exception vector 26 too large)

.vector_27      0x9fc01560       0x10
 *(.vector_27)
 .vector_27     0x9fc01560       0x10 build/default/production/_ext/1688732426/system_interrupt_a.o
                0x9fc01560                __vector_dispatch_27
                0x00000001                ASSERT (((_vector_spacing == 0x0) || (SIZEOF (.vector_27) <= (_vector_spacing << 0x5))), function at exception vector 27 too large)

.vector_28      0x9fc01580        0x8
 *(.vector_28)
 .vector_28     0x9fc01580        0x8 c:/program files (x86)/microchip/xc32/v1.40/bin/bin/../../lib/gcc/pic32mx/4.8.3/../../../../pic32mx/lib\libpic32.a(vector28.o)
                0x9fc01580                __vector_dispatch_28
                0x00000001                ASSERT (((_vector_spacing == 0x0) || (SIZEOF (.vector_28) <= (_vector_spacing << 0x5))), function at exception vector 28 too large)

.vector_29      0x9fc015a0        0x8
 *(.vector_29)
 .vector_29     0x9fc015a0        0x8 c:/program files (x86)/microchip/xc32/v1.40/bin/bin/../../lib/gcc/pic32mx/4.8.3/../../../../pic32mx/lib\libpic32.a(vector29.o)
                0x9fc015a0                __vector_dispatch_29
                0x00000001                ASSERT (((_vector_spacing == 0x0) || (SIZEOF (.vector_29) <= (_vector_spacing << 0x5))), function at exception vector 29 too large)

.vector_30      0x9fc015c0        0x8
 *(.vector_30)
 .vector_30     0x9fc015c0        0x8 c:/program files (x86)/microchip/xc32/v1.40/bin/bin/../../lib/gcc/pic32mx/4.8.3/../../../../pic32mx/lib\libpic32.a(vector30.o)
                0x9fc015c0                __vector_dispatch_30
                0x00000001                ASSERT (((_vector_spacing == 0x0) || (SIZEOF (.vector_30) <= (_vector_spacing << 0x5))), function at exception vector 30 too large)

.vector_31      0x9fc015e0        0x8
 *(.vector_31)
 .vector_31     0x9fc015e0        0x8 c:/program files (x86)/microchip/xc32/v1.40/bin/bin/../../lib/gcc/pic32mx/4.8.3/../../../../pic32mx/lib\libpic32.a(vector31.o)
                0x9fc015e0                __vector_dispatch_31
                0x00000001                ASSERT (((_vector_spacing == 0x0) || (SIZEOF (.vector_31) <= (_vector_spacing << 0x5))), function at exception vector 31 too large)

.vector_32      0x9fc01600        0x8
 *(.vector_32)
 .vector_32     0x9fc01600        0x8 c:/program files (x86)/microchip/xc32/v1.40/bin/bin/../../lib/gcc/pic32mx/4.8.3/../../../../pic32mx/lib\libpic32.a(vector32.o)
                0x9fc01600                __vector_dispatch_32
                0x00000001                ASSERT (((_vector_spacing == 0x0) || (SIZEOF (.vector_32) <= (_vector_spacing << 0x5))), function at exception vector 32 too large)

.vector_33      0x9fc01620        0x8
 *(.vector_33)
 .vector_33     0x9fc01620        0x8 c:/program files (x86)/microchip/xc32/v1.40/bin/bin/../../lib/gcc/pic32mx/4.8.3/../../../../pic32mx/lib\libpic32.a(vector33.o)
                0x9fc01620                __vector_dispatch_33
                0x00000001                ASSERT (((_vector_spacing == 0x0) || (SIZEOF (.vector_33) <= (_vector_spacing << 0x5))), function at exception vector 33 too large)

.vector_34      0x9fc01640        0x8
 *(.vector_34)
 .vector_34     0x9fc01640        0x8 c:/program files (x86)/microchip/xc32/v1.40/bin/bin/../../lib/gcc/pic32mx/4.8.3/../../../../pic32mx/lib\libpic32.a(vector34.o)
                0x9fc01640                __vector_dispatch_34
                0x00000001                ASSERT (((_vector_spacing == 0x0) || (SIZEOF (.vector_34) <= (_vector_spacing << 0x5))), function at exception vector 34 too large)

.vector_35      0x9fc01660        0x8
 *(.vector_35)
 .vector_35     0x9fc01660        0x8 c:/program files (x86)/microchip/xc32/v1.40/bin/bin/../../lib/gcc/pic32mx/4.8.3/../../../../pic32mx/lib\libpic32.a(vector35.o)
                0x9fc01660                __vector_dispatch_35
                0x00000001                ASSERT (((_vector_spacing == 0x0) || (SIZEOF (.vector_35) <= (_vector_spacing << 0x5))), function at exception vector 35 too large)

.vector_36      0x9fc01680        0x8
 *(.vector_36)
 .vector_36     0x9fc01680        0x8 c:/program files (x86)/microchip/xc32/v1.40/bin/bin/../../lib/gcc/pic32mx/4.8.3/../../../../pic32mx/lib\libpic32.a(vector36.o)
                0x9fc01680                __vector_dispatch_36
                0x00000001                ASSERT (((_vector_spacing == 0x0) || (SIZEOF (.vector_36) <= (_vector_spacing << 0x5))), function at exception vector 36 too large)

.vector_37      0x9fc016a0        0x8
 *(.vector_37)
 .vector_37     0x9fc016a0        0x8 c:/program files (x86)/microchip/xc32/v1.40/bin/bin/../../lib/gcc/pic32mx/4.8.3/../../../../pic32mx/lib\libpic32.a(vector37.o)
                0x9fc016a0                __vector_dispatch_37
                0x00000001                ASSERT (((_vector_spacing == 0x0) || (SIZEOF (.vector_37) <= (_vector_spacing << 0x5))), function at exception vector 37 too large)

.vector_38      0x9fc016c0        0x8
 *(.vector_38)
 .vector_38     0x9fc016c0        0x8 c:/program files (x86)/microchip/xc32/v1.40/bin/bin/../../lib/gcc/pic32mx/4.8.3/../../../../pic32mx/lib\libpic32.a(vector38.o)
                0x9fc016c0                __vector_dispatch_38
                0x00000001                ASSERT (((_vector_spacing == 0x0) || (SIZEOF (.vector_38) <= (_vector_spacing << 0x5))), function at exception vector 38 too large)

.vector_39      0x9fc016e0        0x8
 *(.vector_39)
 .vector_39     0x9fc016e0        0x8 c:/program files (x86)/microchip/xc32/v1.40/bin/bin/../../lib/gcc/pic32mx/4.8.3/../../../../pic32mx/lib\libpic32.a(vector39.o)
                0x9fc016e0                __vector_dispatch_39
                0x00000001                ASSERT (((_vector_spacing == 0x0) || (SIZEOF (.vector_39) <= (_vector_spacing << 0x5))), function at exception vector 39 too large)

.vector_40      0x9fc01700        0x8
 *(.vector_40)
 .vector_40     0x9fc01700        0x8 c:/program files (x86)/microchip/xc32/v1.40/bin/bin/../../lib/gcc/pic32mx/4.8.3/../../../../pic32mx/lib\libpic32.a(vector40.o)
                0x9fc01700                __vector_dispatch_40
                0x00000001                ASSERT (((_vector_spacing == 0x0) || (SIZEOF (.vector_40) <= (_vector_spacing << 0x5))), function at exception vector 40 too large)

.vector_41      0x9fc01720        0x8
 *(.vector_41)
 .vector_41     0x9fc01720        0x8 c:/program files (x86)/microchip/xc32/v1.40/bin/bin/../../lib/gcc/pic32mx/4.8.3/../../../../pic32mx/lib\libpic32.a(vector41.o)
                0x9fc01720                __vector_dispatch_41
                0x00000001                ASSERT (((_vector_spacing == 0x0) || (SIZEOF (.vector_41) <= (_vector_spacing << 0x5))), function at exception vector 41 too large)

.vector_42      0x9fc01740        0x8
 *(.vector_42)
 .vector_42     0x9fc01740        0x8 c:/program files (x86)/microchip/xc32/v1.40/bin/bin/../../lib/gcc/pic32mx/4.8.3/../../../../pic32mx/lib\libpic32.a(vector42.o)
                0x9fc01740                __vector_dispatch_42
                0x00000001                ASSERT (((_vector_spacing == 0x0) || (SIZEOF (.vector_42) <= (_vector_spacing << 0x5))), function at exception vector 42 too large)

.vector_43      0x9fc01760        0x8
 *(.vector_43)
 .vector_43     0x9fc01760        0x8 c:/program files (x86)/microchip/xc32/v1.40/bin/bin/../../lib/gcc/pic32mx/4.8.3/../../../../pic32mx/lib\libpic32.a(vector43.o)
                0x9fc01760                __vector_dispatch_43
                0x00000001                ASSERT (((_vector_spacing == 0x0) || (SIZEOF (.vector_43) <= (_vector_spacing << 0x5))), function at exception vector 43 too large)

.vector_44      0x9fc01780        0x8
 *(.vector_44)
 .vector_44     0x9fc01780        0x8 c:/program files (x86)/microchip/xc32/v1.40/bin/bin/../../lib/gcc/pic32mx/4.8.3/../../../../pic32mx/lib\libpic32.a(vector44.o)
                0x9fc01780                __vector_dispatch_44
                0x00000001                ASSERT (((_vector_spacing == 0x0) || (SIZEOF (.vector_44) <= (_vector_spacing << 0x5))), function at exception vector 44 too large)

.vector_45      0x9fc017a0        0x8
 *(.vector_45)
 .vector_45     0x9fc017a0        0x8 c:/program files (x86)/microchip/xc32/v1.40/bin/bin/../../lib/gcc/pic32mx/4.8.3/../../../../pic32mx/lib\libpic32.a(vector45.o)
                0x9fc017a0                __vector_dispatch_45
                0x00000001                ASSERT (((_vector_spacing == 0x0) || (SIZEOF (.vector_45) <= (_vector_spacing << 0x5))), function at exception vector 45 too large)

.vector_46      0x9fc017c0        0x8
 *(.vector_46)
 .vector_46     0x9fc017c0        0x8 c:/program files (x86)/microchip/xc32/v1.40/bin/bin/../../lib/gcc/pic32mx/4.8.3/../../../../pic32mx/lib\libpic32.a(vector46.o)
                0x9fc017c0                __vector_dispatch_46
                0x00000001                ASSERT (((_vector_spacing == 0x0) || (SIZEOF (.vector_46) <= (_vector_spacing << 0x5))), function at exception vector 46 too large)

.vector_47      0x9fc017e0        0x8
 *(.vector_47)
 .vector_47     0x9fc017e0        0x8 c:/program files (x86)/microchip/xc32/v1.40/bin/bin/../../lib/gcc/pic32mx/4.8.3/../../../../pic32mx/lib\libpic32.a(vector47.o)
                0x9fc017e0                __vector_dispatch_47
                0x00000001                ASSERT (((_vector_spacing == 0x0) || (SIZEOF (.vector_47) <= (_vector_spacing << 0x5))), function at exception vector 47 too large)

.vector_48      0x9fc01800        0x8
 *(.vector_48)
 .vector_48     0x9fc01800        0x8 c:/program files (x86)/microchip/xc32/v1.40/bin/bin/../../lib/gcc/pic32mx/4.8.3/../../../../pic32mx/lib\libpic32.a(vector48.o)
                0x9fc01800                __vector_dispatch_48
                0x00000001                ASSERT (((_vector_spacing == 0x0) || (SIZEOF (.vector_48) <= (_vector_spacing << 0x5))), function at exception vector 48 too large)

.vector_49      0x9fc01820        0x8
 *(.vector_49)
 .vector_49     0x9fc01820        0x8 c:/program files (x86)/microchip/xc32/v1.40/bin/bin/../../lib/gcc/pic32mx/4.8.3/../../../../pic32mx/lib\libpic32.a(vector49.o)
                0x9fc01820                __vector_dispatch_49
                0x00000001                ASSERT (((_vector_spacing == 0x0) || (SIZEOF (.vector_49) <= (_vector_spacing << 0x5))), function at exception vector 49 too large)

.vector_50      0x9fc01840        0x8
 *(.vector_50)
 .vector_50     0x9fc01840        0x8 c:/program files (x86)/microchip/xc32/v1.40/bin/bin/../../lib/gcc/pic32mx/4.8.3/../../../../pic32mx/lib\libpic32.a(vector50.o)
                0x9fc01840                __vector_dispatch_50
                0x00000001                ASSERT (((_vector_spacing == 0x0) || (SIZEOF (.vector_50) <= (_vector_spacing << 0x5))), function at exception vector 50 too large)

.vector_51      0x9fc01860        0x8
 *(.vector_51)
 .vector_51     0x9fc01860        0x8 c:/program files (x86)/microchip/xc32/v1.40/bin/bin/../../lib/gcc/pic32mx/4.8.3/../../../../pic32mx/lib\libpic32.a(vector51.o)
                0x9fc01860                __vector_dispatch_51
                0x00000001                ASSERT (((_vector_spacing == 0x0) || (SIZEOF (.vector_51) <= (_vector_spacing << 0x5))), function at exception vector 51 too large)

.vector_52      0x9fc01880        0x0
 *(.vector_52)
                0x00000001                ASSERT (((_vector_spacing == 0x0) || (SIZEOF (.vector_52) <= (_vector_spacing << 0x5))), function at exception vector 52 too large)

.vector_53      0x9fc018a0        0x0
 *(.vector_53)
                0x00000001                ASSERT (((_vector_spacing == 0x0) || (SIZEOF (.vector_53) <= (_vector_spacing << 0x5))), function at exception vector 53 too large)

.vector_54      0x9fc018c0        0x0
 *(.vector_54)
                0x00000001                ASSERT (((_vector_spacing == 0x0) || (SIZEOF (.vector_54) <= (_vector_spacing << 0x5))), function at exception vector 54 too large)

.vector_55      0x9fc018e0        0x0
 *(.vector_55)
                0x00000001                ASSERT (((_vector_spacing == 0x0) || (SIZEOF (.vector_55) <= (_vector_spacing << 0x5))), function at exception vector 55 too large)

.vector_56      0x9fc01900        0x0
 *(.vector_56)
                0x00000001                ASSERT (((_vector_spacing == 0x0) || (SIZEOF (.vector_56) <= (_vector_spacing << 0x5))), function at exception vector 56 too large)

.vector_57      0x9fc01920        0x0
 *(.vector_57)
                0x00000001                ASSERT (((_vector_spacing == 0x0) || (SIZEOF (.vector_57) <= (_vector_spacing << 0x5))), function at exception vector 57 too large)

.vector_58      0x9fc01940        0x0
 *(.vector_58)
                0x00000001                ASSERT (((_vector_spacing == 0x0) || (SIZEOF (.vector_58) <= (_vector_spacing << 0x5))), function at exception vector 58 too large)

.vector_59      0x9fc01960        0x0
 *(.vector_59)
                0x00000001                ASSERT (((_vector_spacing == 0x0) || (SIZEOF (.vector_59) <= (_vector_spacing << 0x5))), function at exception vector 59 too large)

.vector_60      0x9fc01980        0x0
 *(.vector_60)
                0x00000001                ASSERT (((_vector_spacing == 0x0) || (SIZEOF (.vector_60) <= (_vector_spacing << 0x5))), function at exception vector 60 too large)

.vector_61      0x9fc019a0        0x0
 *(.vector_61)
                0x00000001                ASSERT (((_vector_spacing == 0x0) || (SIZEOF (.vector_61) <= (_vector_spacing << 0x5))), function at exception vector 61 too large)

.vector_62      0x9fc019c0        0x0
 *(.vector_62)
                0x00000001                ASSERT (((_vector_spacing == 0x0) || (SIZEOF (.vector_62) <= (_vector_spacing << 0x5))), function at exception vector 62 too large)

.vector_63      0x9fc019e0        0x0
 *(.vector_63)
                0x00000001                ASSERT (((_vector_spacing == 0x0) || (SIZEOF (.vector_63) <= (_vector_spacing << 0x5))), function at exception vector 63 too large)

.startup
 *(.startup)

.text           0x9d000000        0x0
 *(.stub .gnu.linkonce.t.*)
 *(.text.*personality*)
 *(.mips16.fn.*)
 *(.mips16.call.*)
 *(.gnu.warning)
                0x9d000000                . = ALIGN (0x4)

.init           0x9d000000        0x0
 *crti.o(.init)
 *crtbegin.o(.init)
 *(EXCLUDE_FILE(*crtn.o *crtend?.o *crtend.o) .init)
 *crtend.o(.init)
 *crtn.o(.init)
                0x9d000000                . = ALIGN (0x4)

.fini           0x9d000000        0x0
 *(.fini)
                0x9d000000                . = ALIGN (0x4)

.preinit_array  0x9d000000        0x0
                0x9d000000                PROVIDE (__preinit_array_start, .)
 *(.preinit_array)
                0x9d000000                PROVIDE (__preinit_array_end, .)
                0x9d000000                . = ALIGN (0x4)

.init_array     0x9d000000        0x0
                0x9d000000                PROVIDE (__init_array_start, .)
 *(SORT(.init_array.*))
 *(.init_array)
                0x9d000000                PROVIDE (__init_array_end, .)
                0x9d000000                . = ALIGN (0x4)

.fini_array     0x9d000000        0x0
                0x9d000000                PROVIDE (__fini_array_start, .)
 *(SORT(.fini_array.*))
 *(.fini_array)
                0x9d000000                PROVIDE (__fini_array_end, .)
                0x9d000000                . = ALIGN (0x4)

.ctors          0x9d000000        0x0
 *crtbegin.o(.ctors)
 *crtbegin?.o(.ctors)
 *(EXCLUDE_FILE(*crtend?.o *crtend.o) .ctors)
 *(SORT(.ctors.*))
 *(.ctors)
                0x9d000000                . = ALIGN (0x4)

.dtors          0x9d000000        0x0
 *crtbegin.o(.dtors)
 *crtbegin?.o(.dtors)
 *(EXCLUDE_FILE(*crtend?.o *crtend.o) .dtors)
 *(SORT(.dtors.*))
 *(.dtors)
                0x9d000000                . = ALIGN (0x4)

.rodata         0x9d000000        0x0
 *(.gnu.linkonce.r.*)
 *(.rodata1)
                0x9d000000                . = ALIGN (0x4)

.sdata2         0x9fc00490        0x0
 *(.sdata2 .sdata2.* .gnu.linkonce.s2.*)
                0x9fc00490                . = ALIGN (0x4)

.sbss2          0x9fc00490        0x0
 *(.sbss2 .sbss2.* .gnu.linkonce.sb2.*)
                0x9fc00490                . = ALIGN (0x4)

.eh_frame_hdr
 *(.eh_frame_hdr)
                0x9fc00490                . = ALIGN (0x4)

.eh_frame
 *(.eh_frame)
                0x9fc00490                . = ALIGN (0x4)

.gcc_except_table
 *(.gcc_except_table .gcc_except_table.*)
                0x9fc00490                . = ALIGN (0x4)

.dbg_data       0xa0000000        0x0
                0xa0000000                . = (. + DEFINED (_DEBUGGER)?0x200:0x0)

.jcr            0xa0000000        0x0
 *(.jcr)
                0xa0000000                . = ALIGN (0x4)

.eh_frame
 *(.eh_frame)
                0xa0000000                . = ALIGN (0x4)

.gcc_except_table
 *(.gcc_except_table .gcc_except_table.*)
                0xa0000000                . = ALIGN (0x4)

.persist        0xa0000000        0x0
                0xa0000000                _persist_begin = .
 *(.persist .persist.*)
 *(.pbss .pbss.*)
                0xa0000000                . = ALIGN (0x4)
                0xa0000000                _persist_end = .

.data           0xa0000000        0x0
 *(.gnu.linkonce.d.*)
 *(.data1)
                0xa0000000                . = ALIGN (0x4)
                0xa0000000                . = .
                0xa0007ff0                _gp = (ALIGN (0x10) + 0x7ff0)

.got            0xa0000000        0x0
 *(.got.plt)
 *(.got)
                0xa0000000                . = ALIGN (0x4)

.sdata          0xa0000000        0xc
                0xa0000000                _sdata_begin = .
 *(.sdata .sdata.* .gnu.linkonce.s.*)
 .sdata         0xa0000000        0x4 build/default/production/_ext/1128951024/tasks.o
 .sdata         0xa0000004        0x4 build/default/production/_ext/12131622/port.o
                0xa0000004                uxInterruptNesting
 .sdata         0xa0000008        0x4 build/default/production/_ext/1360937237/app.o
                0xa0000008                testing
                0xa000000c                . = ALIGN (0x4)
                0xa000000c                _sdata_end = .

.lit8
 *(.lit8)

.lit4
 *(.lit4)
                0xa000000c                . = ALIGN (0x4)
                0xa000000c                _data_end = .
                0xa000000c                _bss_begin = .

.sbss           0xa000000c       0x6c
                0xa000000c                _sbss_begin = .
 *(.dynsbss)
 *(.sbss .sbss.* .gnu.linkonce.sb.*)
 .sbss          0xa000000c       0x34 build/default/production/_ext/1128951024/tasks.o
                0xa000000c                pxCurrentTCB
 .sbss          0xa0000040       0x10 build/default/production/_ext/1128951024/timers.o
 .sbss          0xa0000050        0x8 build/default/production/_ext/1856876499/heap_1.o
 .sbss          0xa0000058        0x4 build/default/production/_ext/12131622/port.o
                0xa0000058                uxSavedTaskStackPointer
 .sbss          0xa000005c        0xc build/default/production/_ext/1688732426/system_exceptions.o
 *(.scommon)
 .scommon       0xa0000068        0x8 build/default/production/_ext/1271179505/sys_devcon.o
                0xa0000068                sysDevconObj
 .scommon       0xa0000070        0x4 build/default/production/_ext/1360937237/app.o
                0xa0000070                appData
 .scommon       0xa0000074        0x4 build/default/production/_ext/1688732426/system_init.o
                0xa0000074                sysObj
                0xa0000078                _sbss_end = .
                0xa0000078                . = ALIGN (0x4)

.bss            0xa0000078        0x0
 *(.dynbss)
 *(COMMON)
                0xa0000078                . = ALIGN ((. != 0x0)?0x4:0x1)
                0xa0000078                . = ALIGN (0x4)
                0xa0000078                _end = .
                0xa0000078                _bss_end = .
                0x00020000                _bmxdudba_address = 0x20000
                0x00020000                _bmxdupba_address = 0x20000

/DISCARD/
 *(.pdr)
 *(.rel.dyn)
 *(.note.GNU-stack)
 *(.note.GNU-stack)
 *(.gnu_debuglink)
 *(.gnu.lto_*)
 *(.discard)

.gptab.sdata
 *(.gptab.data)
 *(.gptab.sdata)

.gptab.sbss
 *(.gptab.bss)
 *(.gptab.sbss)

.mdebug.abi32   0xa0000078        0x0
 *(.mdebug.abi32)
 .mdebug.abi32  0xa0000078        0x0 build/default/production/_ext/24337685/osal_freertos.o
 .mdebug.abi32  0xa0000078        0x0 build/default/production/_ext/1271179505/sys_devcon.o
 .mdebug.abi32  0xa0000078        0x0 build/default/production/_ext/1271179505/sys_devcon_pic32mx.o
 .mdebug.abi32  0xa0000078        0x0 build/default/production/_ext/122796885/sys_int_pic32.o
 .mdebug.abi32  0xa0000078        0x0 build/default/production/_ext/77319752/sys_ports.o
 .mdebug.abi32  0xa0000078        0x0 build/default/production/_ext/1128951024/croutine.o
 .mdebug.abi32  0xa0000078        0x0 build/default/production/_ext/1128951024/list.o
 .mdebug.abi32  0xa0000078        0x0 build/default/production/_ext/1128951024/queue.o
 .mdebug.abi32  0xa0000078        0x0 build/default/production/_ext/1128951024/tasks.o
 .mdebug.abi32  0xa0000078        0x0 build/default/production/_ext/1128951024/timers.o
 .mdebug.abi32  0xa0000078        0x0 build/default/production/_ext/1128951024/event_groups.o
 .mdebug.abi32  0xa0000078        0x0 build/default/production/_ext/1856876499/heap_1.o
 .mdebug.abi32  0xa0000078        0x0 build/default/production/_ext/12131622/port.o
 .mdebug.abi32  0xa0000078        0x0 build/default/production/_ext/1360937237/app.o
 .mdebug.abi32  0xa0000078        0x0 build/default/production/_ext/1361460060/drv_adc_static.o
 .mdebug.abi32  0xa0000078        0x0 build/default/production/_ext/1345626252/drv_usart_static.o
 .mdebug.abi32  0xa0000078        0x0 build/default/production/_ext/639803181/sys_clk_static.o
 .mdebug.abi32  0xa0000078        0x0 build/default/production/_ext/822048611/sys_ports_static.o
 .mdebug.abi32  0xa0000078        0x0 build/default/production/_ext/1688732426/system_init.o
 .mdebug.abi32  0xa0000078        0x0 build/default/production/_ext/1688732426/system_interrupt.o
 .mdebug.abi32  0xa0000078        0x0 build/default/production/_ext/1688732426/system_exceptions.o
 .mdebug.abi32  0xa0000078        0x0 build/default/production/_ext/1360937237/main.o
 .mdebug.abi32  0xa0000078        0x0 build/default/production/_ext/1688732426/system_tasks.o
 .mdebug.abi32  0xa0000078        0x0 build/default/production/_ext/1688732426/rtos_hooks.o
 .mdebug.abi32  0xa0000078        0x0 c:/program files (x86)/microchip/xc32/v1.40/bin/bin/../../lib/gcc/pic32mx/4.8.3/../../../../pic32mx/lib\libpic32.a(default-bootstrap-exception-handler.o)
 .mdebug.abi32  0xa0000078        0x0 c:/program files (x86)/microchip/xc32/v1.40/bin/bin/../../lib/gcc/pic32mx/4.8.3/../../../../pic32mx/lib\libpic32.a(default-on-reset.o)
 .mdebug.abi32  0xa0000078        0x0 c:/program files (x86)/microchip/xc32/v1.40/bin/bin/../../lib/gcc/pic32mx/4.8.3/../../../../pic32mx/lib\libpic32.a(default-on-bootstrap.o)
 .mdebug.abi32  0xa0000078        0x0 c:/program files (x86)/microchip/xc32/v1.40/bin/bin/../../lib/gcc/pic32mx/4.8.3/../../../../pic32mx/lib\libpic32.a(defaultinterrupt.o)

.mdebug.abiN32
 *(.mdebug.abiN32)

.mdebug.abi64
 *(.mdebug.abi64)

.mdebug.abiO64
 *(.mdebug.abiO64)

.mdebug.eabi32
 *(.mdebug.eabi32)

.mdebug.eabi64
 *(.mdebug.eabi64)

.gcc_compiled_long32
 *(.gcc_compiled_long32)

.gcc_compiled_long64
 *(.gcc_compiled_long64)

.stab
 *(.stab)

.stabstr
 *(.stabstr)

.stab.excl
 *(.stab.excl)

.stab.exclstr
 *(.stab.exclstr)

.stab.index
 *(.stab.index)

.stab.indexstr
 *(.stab.indexstr)

.comment        0x00000000       0x6c
 *(.comment)
 .comment       0x00000000       0x3c build/default/production/_ext/24337685/osal_freertos.o
                                 0x3d (size before relaxing)
 .comment       0x00000000       0x3d build/default/production/_ext/1271179505/sys_devcon.o
 .comment       0x00000000       0x3d build/default/production/_ext/1271179505/sys_devcon_pic32mx.o
 .comment       0x00000000       0x3d build/default/production/_ext/122796885/sys_int_pic32.o
 .comment       0x00000000       0x3d build/default/production/_ext/77319752/sys_ports.o
 .comment       0x00000000       0x3d build/default/production/_ext/1128951024/croutine.o
 .comment       0x00000000       0x3d build/default/production/_ext/1128951024/list.o
 .comment       0x00000000       0x3d build/default/production/_ext/1128951024/queue.o
 .comment       0x00000000       0x3d build/default/production/_ext/1128951024/tasks.o
 .comment       0x00000000       0x3d build/default/production/_ext/1128951024/timers.o
 .comment       0x00000000       0x3d build/default/production/_ext/1128951024/event_groups.o
 .comment       0x00000000       0x3d build/default/production/_ext/1856876499/heap_1.o
 .comment       0x00000000       0x3d build/default/production/_ext/12131622/port.o
 .comment       0x00000000       0x3d build/default/production/_ext/1360937237/app.o
 .comment       0x00000000       0x3d build/default/production/_ext/1361460060/drv_adc_static.o
 .comment       0x00000000       0x3d build/default/production/_ext/1345626252/drv_usart_static.o
 .comment       0x00000000       0x3d build/default/production/_ext/639803181/sys_clk_static.o
 .comment       0x00000000       0x3d build/default/production/_ext/822048611/sys_ports_static.o
 .comment       0x00000000       0x3d build/default/production/_ext/1688732426/system_init.o
 .comment       0x00000000       0x3d build/default/production/_ext/1688732426/system_interrupt.o
 .comment       0x00000000       0x3d build/default/production/_ext/1688732426/system_exceptions.o
 .comment       0x00000000       0x3d build/default/production/_ext/1360937237/main.o
 .comment       0x00000000       0x3d build/default/production/_ext/1688732426/system_tasks.o
 .comment       0x00000000       0x3d build/default/production/_ext/1688732426/rtos_hooks.o
 .comment       0x0000003c       0x18 c:/program files (x86)/microchip/xc32/v1.40/bin/bin/../../lib/gcc/pic32mx/4.8.3/../../../../pic32mx/lib\libpic32.a(memset.o)
                                 0x19 (size before relaxing)
 .comment       0x00000000       0x3d c:/program files (x86)/microchip/xc32/v1.40/bin/bin/../../lib/gcc/pic32mx/4.8.3/../../../../pic32mx/lib\libpic32.a(default-bootstrap-exception-handler.o)
 .comment       0x00000000       0x3d c:/program files (x86)/microchip/xc32/v1.40/bin/bin/../../lib/gcc/pic32mx/4.8.3/../../../../pic32mx/lib\libpic32.a(default-on-reset.o)
 .comment       0x00000000       0x3d c:/program files (x86)/microchip/xc32/v1.40/bin/bin/../../lib/gcc/pic32mx/4.8.3/../../../../pic32mx/lib\libpic32.a(default-on-bootstrap.o)
 .comment       0x00000054       0x18 c:/program files (x86)/microchip/xc32/v1.40/bin/bin/../../lib/gcc/pic32mx/4.8.3/../../../../pic32mx/lib\libpic32.a(memcmp.o)
                                 0x19 (size before relaxing)
 .comment       0x00000000       0x3d c:/program files (x86)/microchip/xc32/v1.40/bin/bin/../../lib/gcc/pic32mx/4.8.3/../../../../pic32mx/lib\libpic32.a(defaultinterrupt.o)

.debug
 *(.debug)

.line
 *(.line)

.debug_srcinfo
 *(.debug_srcinfo)

.debug_sfnames
 *(.debug_sfnames)

.debug_aranges  0x00000000      0x940
 *(.debug_aranges)
 .debug_aranges
                0x00000000       0x88 build/default/production/_ext/24337685/osal_freertos.o
 .debug_aranges
                0x00000088       0x78 build/default/production/_ext/1271179505/sys_devcon.o
 .debug_aranges
                0x00000100       0x20 build/default/production/_ext/1271179505/sys_devcon_pic32mx.o
 .debug_aranges
                0x00000120       0x48 build/default/production/_ext/122796885/sys_int_pic32.o
 .debug_aranges
                0x00000168       0xf8 build/default/production/_ext/77319752/sys_ports.o
 .debug_aranges
                0x00000260       0x18 build/default/production/_ext/1128951024/croutine.o
 .debug_aranges
                0x00000278       0x40 build/default/production/_ext/1128951024/list.o
 .debug_aranges
                0x000002b8       0xb8 build/default/production/_ext/1128951024/queue.o
 .debug_aranges
                0x00000370      0x178 build/default/production/_ext/1128951024/tasks.o
 .debug_aranges
                0x000004e8       0x70 build/default/production/_ext/1128951024/timers.o
 .debug_aranges
                0x00000558       0x60 build/default/production/_ext/1128951024/event_groups.o
 .debug_aranges
                0x000005b8       0x38 build/default/production/_ext/1856876499/heap_1.o
 .debug_aranges
                0x000005f0       0x58 build/default/production/_ext/12131622/port.o
 .debug_aranges
                0x00000648       0x20 build/default/production/_ext/12131622/port_asm.o
 .debug_aranges
                0x00000668       0x38 build/default/production/_ext/1360937237/app.o
 .debug_aranges
                0x000006a0       0x78 build/default/production/_ext/1361460060/drv_adc_static.o
 .debug_aranges
                0x00000718       0x38 build/default/production/_ext/1345626252/drv_usart_static.o
 .debug_aranges
                0x00000750       0x38 build/default/production/_ext/639803181/sys_clk_static.o
 .debug_aranges
                0x00000788       0x20 build/default/production/_ext/822048611/sys_ports_static.o
 .debug_aranges
                0x000007a8       0x20 build/default/production/_ext/1688732426/system_init.o
 .debug_aranges
                0x000007c8       0x28 build/default/production/_ext/1688732426/system_interrupt.o
 .debug_aranges
                0x000007f0       0x20 build/default/production/_ext/1688732426/system_exceptions.o
 .debug_aranges
                0x00000810       0x20 build/default/production/_ext/1360937237/main.o
 .debug_aranges
                0x00000830       0x30 build/default/production/_ext/1688732426/system_tasks.o
 .debug_aranges
                0x00000860       0x38 build/default/production/_ext/1688732426/system_interrupt_a.o
 .debug_aranges
                0x00000898       0x28 build/default/production/_ext/1688732426/rtos_hooks.o
 .debug_aranges
                0x000008c0       0x20 c:/program files (x86)/microchip/xc32/v1.40/bin/bin/../../lib/gcc/pic32mx/4.8.3/../../../../pic32mx/lib\libpic32.a(default-bootstrap-exception-handler.o)
 .debug_aranges
                0x000008e0       0x20 c:/program files (x86)/microchip/xc32/v1.40/bin/bin/../../lib/gcc/pic32mx/4.8.3/../../../../pic32mx/lib\libpic32.a(default-on-reset.o)
 .debug_aranges
                0x00000900       0x20 c:/program files (x86)/microchip/xc32/v1.40/bin/bin/../../lib/gcc/pic32mx/4.8.3/../../../../pic32mx/lib\libpic32.a(default-on-bootstrap.o)
 .debug_aranges
                0x00000920       0x20 c:/program files (x86)/microchip/xc32/v1.40/bin/bin/../../lib/gcc/pic32mx/4.8.3/../../../../pic32mx/lib\libpic32.a(defaultinterrupt.o)

.debug_pubnames
 *(.debug_pubnames)

.debug_info     0x00000000    0x1e77d
 *(.debug_info .gnu.linkonce.wi.*)
 .debug_info    0x00000000      0xa8d build/default/production/_ext/24337685/osal_freertos.o
 .debug_info    0x00000a8d     0x107b build/default/production/_ext/1271179505/sys_devcon.o
 .debug_info    0x00001b08      0xd52 build/default/production/_ext/1271179505/sys_devcon_pic32mx.o
 .debug_info    0x0000285a     0x15b9 build/default/production/_ext/122796885/sys_int_pic32.o
 .debug_info    0x00003e13     0x323c build/default/production/_ext/77319752/sys_ports.o
 .debug_info    0x0000704f      0x16e build/default/production/_ext/1128951024/croutine.o
 .debug_info    0x000071bd      0x472 build/default/production/_ext/1128951024/list.o
 .debug_info    0x0000762f     0x1823 build/default/production/_ext/1128951024/queue.o
 .debug_info    0x00008e52     0x29ab build/default/production/_ext/1128951024/tasks.o
 .debug_info    0x0000b7fd     0x14f6 build/default/production/_ext/1128951024/timers.o
 .debug_info    0x0000ccf3      0xd40 build/default/production/_ext/1128951024/event_groups.o
 .debug_info    0x0000da33      0x372 build/default/production/_ext/1856876499/heap_1.o
 .debug_info    0x0000dda5     0x119d build/default/production/_ext/12131622/port.o
 .debug_info    0x0000ef42       0xbc build/default/production/_ext/12131622/port_asm.o
 .debug_info    0x0000effe     0x17cf build/default/production/_ext/1360937237/app.o
 .debug_info    0x000107cd     0x40f3 build/default/production/_ext/1361460060/drv_adc_static.o
 .debug_info    0x000148c0     0x3495 build/default/production/_ext/1345626252/drv_usart_static.o
 .debug_info    0x00017d55     0x1183 build/default/production/_ext/639803181/sys_clk_static.o
 .debug_info    0x00018ed8      0xcbd build/default/production/_ext/822048611/sys_ports_static.o
 .debug_info    0x00019b95     0x14e2 build/default/production/_ext/1688732426/system_init.o
 .debug_info    0x0001b077     0x1405 build/default/production/_ext/1688732426/system_interrupt.o
 .debug_info    0x0001c47c      0xff5 build/default/production/_ext/1688732426/system_exceptions.o
 .debug_info    0x0001d471      0x1a9 build/default/production/_ext/1360937237/main.o
 .debug_info    0x0001d61a      0xb3b build/default/production/_ext/1688732426/system_tasks.o
 .debug_info    0x0001e155       0x9b build/default/production/_ext/1688732426/system_interrupt_a.o
 .debug_info    0x0001e1f0      0x251 build/default/production/_ext/1688732426/rtos_hooks.o
 .debug_info    0x0001e441       0xe3 c:/program files (x86)/microchip/xc32/v1.40/bin/bin/../../lib/gcc/pic32mx/4.8.3/../../../../pic32mx/lib\libpic32.a(default-bootstrap-exception-handler.o)
 .debug_info    0x0001e524       0xbd c:/program files (x86)/microchip/xc32/v1.40/bin/bin/../../lib/gcc/pic32mx/4.8.3/../../../../pic32mx/lib\libpic32.a(default-on-reset.o)
 .debug_info    0x0001e5e1       0xc5 c:/program files (x86)/microchip/xc32/v1.40/bin/bin/../../lib/gcc/pic32mx/4.8.3/../../../../pic32mx/lib\libpic32.a(default-on-bootstrap.o)
 .debug_info    0x0001e6a6       0xd7 c:/program files (x86)/microchip/xc32/v1.40/bin/bin/../../lib/gcc/pic32mx/4.8.3/../../../../pic32mx/lib\libpic32.a(defaultinterrupt.o)

.debug_abbrev   0x00000000     0x2a7e
 *(.debug_abbrev)
 .debug_abbrev  0x00000000      0x1fe build/default/production/_ext/24337685/osal_freertos.o
 .debug_abbrev  0x000001fe      0x26d build/default/production/_ext/1271179505/sys_devcon.o
 .debug_abbrev  0x0000046b      0x16d build/default/production/_ext/1271179505/sys_devcon_pic32mx.o
 .debug_abbrev  0x000005d8      0x1d0 build/default/production/_ext/122796885/sys_int_pic32.o
 .debug_abbrev  0x000007a8      0x219 build/default/production/_ext/77319752/sys_ports.o
 .debug_abbrev  0x000009c1       0x1b build/default/production/_ext/1128951024/croutine.o
 .debug_abbrev  0x000009dc       0xf1 build/default/production/_ext/1128951024/list.o
 .debug_abbrev  0x00000acd      0x2c4 build/default/production/_ext/1128951024/queue.o
 .debug_abbrev  0x00000d91      0x383 build/default/production/_ext/1128951024/tasks.o
 .debug_abbrev  0x00001114      0x337 build/default/production/_ext/1128951024/timers.o
 .debug_abbrev  0x0000144b      0x29a build/default/production/_ext/1128951024/event_groups.o
 .debug_abbrev  0x000016e5      0x13f build/default/production/_ext/1856876499/heap_1.o
 .debug_abbrev  0x00001824      0x2cf build/default/production/_ext/12131622/port.o
 .debug_abbrev  0x00001af3       0x14 build/default/production/_ext/12131622/port_asm.o
 .debug_abbrev  0x00001b07      0x1d8 build/default/production/_ext/1360937237/app.o
 .debug_abbrev  0x00001cdf      0x1e4 build/default/production/_ext/1361460060/drv_adc_static.o
 .debug_abbrev  0x00001ec3      0x1f5 build/default/production/_ext/1345626252/drv_usart_static.o
 .debug_abbrev  0x000020b8      0x1f8 build/default/production/_ext/639803181/sys_clk_static.o
 .debug_abbrev  0x000022b0      0x12f build/default/production/_ext/822048611/sys_ports_static.o
 .debug_abbrev  0x000023df      0x1dd build/default/production/_ext/1688732426/system_init.o
 .debug_abbrev  0x000025bc      0x10c build/default/production/_ext/1688732426/system_interrupt.o
 .debug_abbrev  0x000026c8       0x91 build/default/production/_ext/1688732426/system_exceptions.o
 .debug_abbrev  0x00002759       0x93 build/default/production/_ext/1360937237/main.o
 .debug_abbrev  0x000027ec      0x149 build/default/production/_ext/1688732426/system_tasks.o
 .debug_abbrev  0x00002935       0x12 build/default/production/_ext/1688732426/system_interrupt_a.o
 .debug_abbrev  0x00002947       0x97 build/default/production/_ext/1688732426/rtos_hooks.o
 .debug_abbrev  0x000029de       0x28 c:/program files (x86)/microchip/xc32/v1.40/bin/bin/../../lib/gcc/pic32mx/4.8.3/../../../../pic32mx/lib\libpic32.a(default-bootstrap-exception-handler.o)
 .debug_abbrev  0x00002a06       0x28 c:/program files (x86)/microchip/xc32/v1.40/bin/bin/../../lib/gcc/pic32mx/4.8.3/../../../../pic32mx/lib\libpic32.a(default-on-reset.o)
 .debug_abbrev  0x00002a2e       0x28 c:/program files (x86)/microchip/xc32/v1.40/bin/bin/../../lib/gcc/pic32mx/4.8.3/../../../../pic32mx/lib\libpic32.a(default-on-bootstrap.o)
 .debug_abbrev  0x00002a56       0x28 c:/program files (x86)/microchip/xc32/v1.40/bin/bin/../../lib/gcc/pic32mx/4.8.3/../../../../pic32mx/lib\libpic32.a(defaultinterrupt.o)

.debug_line     0x00000000     0x5c10
 *(.debug_line)
 .debug_line    0x00000000      0x2c4 build/default/production/_ext/24337685/osal_freertos.o
 .debug_line    0x000002c4      0x5e7 build/default/production/_ext/1271179505/sys_devcon.o
 .debug_line    0x000008ab      0x48f build/default/production/_ext/1271179505/sys_devcon_pic32mx.o
 .debug_line    0x00000d3a      0x39e build/default/production/_ext/122796885/sys_int_pic32.o
 .debug_line    0x000010d8      0x88b build/default/production/_ext/77319752/sys_ports.o
 .debug_line    0x00001963       0x1d build/default/production/_ext/1128951024/croutine.o
 .debug_line    0x00001980      0x1e5 build/default/production/_ext/1128951024/list.o
 .debug_line    0x00001b65      0x4ab build/default/production/_ext/1128951024/queue.o
 .debug_line    0x00002010      0x7ff build/default/production/_ext/1128951024/tasks.o
 .debug_line    0x0000280f      0x396 build/default/production/_ext/1128951024/timers.o
 .debug_line    0x00002ba5      0x32a build/default/production/_ext/1128951024/event_groups.o
 .debug_line    0x00002ecf      0x21f build/default/production/_ext/1856876499/heap_1.o
 .debug_line    0x000030ee      0x240 build/default/production/_ext/12131622/port.o
 .debug_line    0x0000332e      0x102 build/default/production/_ext/12131622/port_asm.o
 .debug_line    0x00003430      0x35a build/default/production/_ext/1360937237/app.o
 .debug_line    0x0000378a      0x7b4 build/default/production/_ext/1361460060/drv_adc_static.o
 .debug_line    0x00003f3e      0x64e build/default/production/_ext/1345626252/drv_usart_static.o
 .debug_line    0x0000458c      0x389 build/default/production/_ext/639803181/sys_clk_static.o
 .debug_line    0x00004915      0x2dd build/default/production/_ext/822048611/sys_ports_static.o
 .debug_line    0x00004bf2      0x494 build/default/production/_ext/1688732426/system_init.o
 .debug_line    0x00005086      0x25c build/default/production/_ext/1688732426/system_interrupt.o
 .debug_line    0x000052e2      0x144 build/default/production/_ext/1688732426/system_exceptions.o
 .debug_line    0x00005426       0xba build/default/production/_ext/1360937237/main.o
 .debug_line    0x000054e0      0x30d build/default/production/_ext/1688732426/system_tasks.o
 .debug_line    0x000057ed       0xa5 build/default/production/_ext/1688732426/system_interrupt_a.o
 .debug_line    0x00005892      0x145 build/default/production/_ext/1688732426/rtos_hooks.o
 .debug_line    0x000059d7       0x97 c:/program files (x86)/microchip/xc32/v1.40/bin/bin/../../lib/gcc/pic32mx/4.8.3/../../../../pic32mx/lib\libpic32.a(default-bootstrap-exception-handler.o)
 .debug_line    0x00005a6e       0x84 c:/program files (x86)/microchip/xc32/v1.40/bin/bin/../../lib/gcc/pic32mx/4.8.3/../../../../pic32mx/lib\libpic32.a(default-on-reset.o)
 .debug_line    0x00005af2       0x88 c:/program files (x86)/microchip/xc32/v1.40/bin/bin/../../lib/gcc/pic32mx/4.8.3/../../../../pic32mx/lib\libpic32.a(default-on-bootstrap.o)
 .debug_line    0x00005b7a       0x96 c:/program files (x86)/microchip/xc32/v1.40/bin/bin/../../lib/gcc/pic32mx/4.8.3/../../../../pic32mx/lib\libpic32.a(defaultinterrupt.o)

.debug_frame    0x00000000     0x12c4
 *(.debug_frame)
 .debug_frame   0x00000000      0x150 build/default/production/_ext/24337685/osal_freertos.o
 .debug_frame   0x00000150       0xe8 build/default/production/_ext/1271179505/sys_devcon.o
 .debug_frame   0x00000238       0x28 build/default/production/_ext/1271179505/sys_devcon_pic32mx.o
 .debug_frame   0x00000260       0x90 build/default/production/_ext/122796885/sys_int_pic32.o
 .debug_frame   0x000002f0      0x1d0 build/default/production/_ext/77319752/sys_ports.o
 .debug_frame   0x000004c0       0x60 build/default/production/_ext/1128951024/list.o
 .debug_frame   0x00000520      0x230 build/default/production/_ext/1128951024/queue.o
 .debug_frame   0x00000750      0x450 build/default/production/_ext/1128951024/tasks.o
 .debug_frame   0x00000ba0      0x134 build/default/production/_ext/1128951024/timers.o
 .debug_frame   0x00000cd4      0x108 build/default/production/_ext/1128951024/event_groups.o
 .debug_frame   0x00000ddc       0x5c build/default/production/_ext/1856876499/heap_1.o
 .debug_frame   0x00000e38       0xc0 build/default/production/_ext/12131622/port.o
 .debug_frame   0x00000ef8       0x60 build/default/production/_ext/1360937237/app.o
 .debug_frame   0x00000f58       0xd0 build/default/production/_ext/1361460060/drv_adc_static.o
 .debug_frame   0x00001028       0x58 build/default/production/_ext/1345626252/drv_usart_static.o
 .debug_frame   0x00001080       0x58 build/default/production/_ext/639803181/sys_clk_static.o
 .debug_frame   0x000010d8       0x20 build/default/production/_ext/822048611/sys_ports_static.o
 .debug_frame   0x000010f8       0x28 build/default/production/_ext/1688732426/system_init.o
 .debug_frame   0x00001120       0x30 build/default/production/_ext/1688732426/system_interrupt.o
 .debug_frame   0x00001150       0x28 build/default/production/_ext/1688732426/system_exceptions.o
 .debug_frame   0x00001178       0x28 build/default/production/_ext/1360937237/main.o
 .debug_frame   0x000011a0       0x58 build/default/production/_ext/1688732426/system_tasks.o
 .debug_frame   0x000011f8       0x40 build/default/production/_ext/1688732426/rtos_hooks.o
 .debug_frame   0x00001238       0x2c c:/program files (x86)/microchip/xc32/v1.40/bin/bin/../../lib/gcc/pic32mx/4.8.3/../../../../pic32mx/lib\libpic32.a(default-bootstrap-exception-handler.o)
 .debug_frame   0x00001264       0x20 c:/program files (x86)/microchip/xc32/v1.40/bin/bin/../../lib/gcc/pic32mx/4.8.3/../../../../pic32mx/lib\libpic32.a(default-on-reset.o)
 .debug_frame   0x00001284       0x20 c:/program files (x86)/microchip/xc32/v1.40/bin/bin/../../lib/gcc/pic32mx/4.8.3/../../../../pic32mx/lib\libpic32.a(default-on-bootstrap.o)
 .debug_frame   0x000012a4       0x20 c:/program files (x86)/microchip/xc32/v1.40/bin/bin/../../lib/gcc/pic32mx/4.8.3/../../../../pic32mx/lib\libpic32.a(defaultinterrupt.o)

.debug_str      0x00000000      0x759
 *(.debug_str)
 .debug_str     0x00000000       0x40 build/default/production/_ext/24337685/osal_freertos.o
 .debug_str     0x00000040       0x16 build/default/production/_ext/1271179505/sys_devcon.o
 .debug_str     0x00000056        0x6 build/default/production/_ext/1271179505/sys_devcon_pic32mx.o
 .debug_str     0x0000005c       0x2d build/default/production/_ext/122796885/sys_int_pic32.o
 .debug_str     0x00000089       0x98 build/default/production/_ext/77319752/sys_ports.o
 .debug_str     0x00000121        0x0 build/default/production/_ext/1128951024/croutine.o
 .debug_str     0x00000121       0x2b build/default/production/_ext/1128951024/list.o
 .debug_str     0x0000014c       0xf1 build/default/production/_ext/1128951024/queue.o
 .debug_str     0x0000023d      0x174 build/default/production/_ext/1128951024/tasks.o
 .debug_str     0x000003b1       0xbf build/default/production/_ext/1128951024/timers.o
 .debug_str     0x00000470       0xe6 build/default/production/_ext/1128951024/event_groups.o
 .debug_str     0x00000556       0x1d build/default/production/_ext/1856876499/heap_1.o
 .debug_str     0x00000573       0x37 build/default/production/_ext/12131622/port.o
 .debug_str     0x000005aa       0x3f build/default/production/_ext/1360937237/app.o
 .debug_str     0x000005e9       0x8e build/default/production/_ext/1361460060/drv_adc_static.o
 .debug_str     0x00000677       0x88 build/default/production/_ext/1345626252/drv_usart_static.o
 .debug_str     0x000006ff       0x39 build/default/production/_ext/639803181/sys_clk_static.o
 .debug_str     0x00000738        0xd build/default/production/_ext/822048611/sys_ports_static.o
 .debug_str     0x00000745        0xb build/default/production/_ext/1688732426/system_init.o
 .debug_str     0x00000750        0x0 build/default/production/_ext/1688732426/system_interrupt.o
 .debug_str     0x00000750        0x0 build/default/production/_ext/1688732426/system_exceptions.o
 .debug_str     0x00000750        0x0 build/default/production/_ext/1360937237/main.o
 .debug_str     0x00000750        0x0 build/default/production/_ext/1688732426/system_tasks.o
 .debug_str     0x00000750        0x9 build/default/production/_ext/1688732426/rtos_hooks.o
 .debug_str     0x00000759        0x0 c:/program files (x86)/microchip/xc32/v1.40/bin/bin/../../lib/gcc/pic32mx/4.8.3/../../../../pic32mx/lib\libpic32.a(default-bootstrap-exception-handler.o)
 .debug_str     0x00000759        0x0 c:/program files (x86)/microchip/xc32/v1.40/bin/bin/../../lib/gcc/pic32mx/4.8.3/../../../../pic32mx/lib\libpic32.a(default-on-reset.o)
 .debug_str     0x00000759        0x0 c:/program files (x86)/microchip/xc32/v1.40/bin/bin/../../lib/gcc/pic32mx/4.8.3/../../../../pic32mx/lib\libpic32.a(default-on-bootstrap.o)
 .debug_str     0x00000759        0x0 c:/program files (x86)/microchip/xc32/v1.40/bin/bin/../../lib/gcc/pic32mx/4.8.3/../../../../pic32mx/lib\libpic32.a(defaultinterrupt.o)

.debug_loc      0x00000000     0x4bd1
 *(.debug_loc)
 .debug_loc     0x00000000      0x40c build/default/production/_ext/24337685/osal_freertos.o
 .debug_loc     0x0000040c       0xf0 build/default/production/_ext/1271179505/sys_devcon.o
 .debug_loc     0x000004fc       0xe0 build/default/production/_ext/1271179505/sys_devcon_pic32mx.o
 .debug_loc     0x000005dc       0x8d build/default/production/_ext/122796885/sys_int_pic32.o
 .debug_loc     0x00000669      0xee1 build/default/production/_ext/77319752/sys_ports.o
 .debug_loc     0x0000154a       0x31 build/default/production/_ext/1128951024/list.o
 .debug_loc     0x0000157b      0xd35 build/default/production/_ext/1128951024/queue.o
 .debug_loc     0x000022b0     0x1505 build/default/production/_ext/1128951024/tasks.o
 .debug_loc     0x000037b5      0x7c0 build/default/production/_ext/1128951024/timers.o
 .debug_loc     0x00003f75      0x8ea build/default/production/_ext/1128951024/event_groups.o
 .debug_loc     0x0000485f       0x49 build/default/production/_ext/1856876499/heap_1.o
 .debug_loc     0x000048a8       0xea build/default/production/_ext/12131622/port.o
 .debug_loc     0x00004992       0x7e build/default/production/_ext/1360937237/app.o
 .debug_loc     0x00004a10      0x111 build/default/production/_ext/1361460060/drv_adc_static.o
 .debug_loc     0x00004b21       0x3a build/default/production/_ext/1345626252/drv_usart_static.o
 .debug_loc     0x00004b5b       0x21 build/default/production/_ext/639803181/sys_clk_static.o
 .debug_loc     0x00004b7c       0x21 build/default/production/_ext/1688732426/system_init.o
 .debug_loc     0x00004b9d       0x34 build/default/production/_ext/1688732426/rtos_hooks.o

.debug_macinfo
 *(.debug_macinfo)

.debug_weaknames
 *(.debug_weaknames)

.debug_funcnames
 *(.debug_funcnames)

.debug_typenames
 *(.debug_typenames)

.debug_varnames
 *(.debug_varnames)

.debug_pubtypes
 *(.debug_pubtypes)

.debug_ranges   0x00000000      0x8a0
 *(.debug_ranges)
 .debug_ranges  0x00000000       0x78 build/default/production/_ext/24337685/osal_freertos.o
 .debug_ranges  0x00000078       0x68 build/default/production/_ext/1271179505/sys_devcon.o
 .debug_ranges  0x000000e0       0x10 build/default/production/_ext/1271179505/sys_devcon_pic32mx.o
 .debug_ranges  0x000000f0       0x50 build/default/production/_ext/122796885/sys_int_pic32.o
 .debug_ranges  0x00000140       0xe8 build/default/production/_ext/77319752/sys_ports.o
 .debug_ranges  0x00000228       0x30 build/default/production/_ext/1128951024/list.o
 .debug_ranges  0x00000258       0xa8 build/default/production/_ext/1128951024/queue.o
 .debug_ranges  0x00000300      0x1b0 build/default/production/_ext/1128951024/tasks.o
 .debug_ranges  0x000004b0       0xe8 build/default/production/_ext/1128951024/timers.o
 .debug_ranges  0x00000598       0x98 build/default/production/_ext/1128951024/event_groups.o
 .debug_ranges  0x00000630       0x28 build/default/production/_ext/1856876499/heap_1.o
 .debug_ranges  0x00000658       0x48 build/default/production/_ext/12131622/port.o
 .debug_ranges  0x000006a0       0x48 build/default/production/_ext/1360937237/app.o
 .debug_ranges  0x000006e8       0x68 build/default/production/_ext/1361460060/drv_adc_static.o
 .debug_ranges  0x00000750       0x28 build/default/production/_ext/1345626252/drv_usart_static.o
 .debug_ranges  0x00000778       0x28 build/default/production/_ext/639803181/sys_clk_static.o
 .debug_ranges  0x000007a0       0x10 build/default/production/_ext/822048611/sys_ports_static.o
 .debug_ranges  0x000007b0       0x10 build/default/production/_ext/1688732426/system_init.o
 .debug_ranges  0x000007c0       0x18 build/default/production/_ext/1688732426/system_interrupt.o
 .debug_ranges  0x000007d8       0x10 build/default/production/_ext/1688732426/system_exceptions.o
 .debug_ranges  0x000007e8       0x10 build/default/production/_ext/1360937237/main.o
 .debug_ranges  0x000007f8       0x20 build/default/production/_ext/1688732426/system_tasks.o
 .debug_ranges  0x00000818       0x30 build/default/production/_ext/1688732426/system_interrupt_a.o
 .debug_ranges  0x00000848       0x18 build/default/production/_ext/1688732426/rtos_hooks.o
 .debug_ranges  0x00000860       0x10 c:/program files (x86)/microchip/xc32/v1.40/bin/bin/../../lib/gcc/pic32mx/4.8.3/../../../../pic32mx/lib\libpic32.a(default-bootstrap-exception-handler.o)
 .debug_ranges  0x00000870       0x10 c:/program files (x86)/microchip/xc32/v1.40/bin/bin/../../lib/gcc/pic32mx/4.8.3/../../../../pic32mx/lib\libpic32.a(default-on-reset.o)
 .debug_ranges  0x00000880       0x10 c:/program files (x86)/microchip/xc32/v1.40/bin/bin/../../lib/gcc/pic32mx/4.8.3/../../../../pic32mx/lib\libpic32.a(default-on-bootstrap.o)
 .debug_ranges  0x00000890       0x10 c:/program files (x86)/microchip/xc32/v1.40/bin/bin/../../lib/gcc/pic32mx/4.8.3/../../../../pic32mx/lib\libpic32.a(defaultinterrupt.o)

.gnu.attributes
                0x00000000       0x10
 *(.gnu.attributes)
 .gnu.attributes
                0x00000000       0x10 build/default/production/_ext/24337685/osal_freertos.o
 .gnu.attributes
                0x00000010       0x10 build/default/production/_ext/1271179505/sys_devcon.o
 .gnu.attributes
                0x00000020       0x10 build/default/production/_ext/1271179505/sys_devcon_pic32mx.o
 .gnu.attributes
                0x00000030       0x10 build/default/production/_ext/122796885/sys_int_pic32.o
 .gnu.attributes
                0x00000040       0x10 build/default/production/_ext/77319752/sys_ports.o
 .gnu.attributes
                0x00000050       0x10 build/default/production/_ext/1128951024/croutine.o
 .gnu.attributes
                0x00000060       0x10 build/default/production/_ext/1128951024/list.o
 .gnu.attributes
                0x00000070       0x10 build/default/production/_ext/1128951024/queue.o
 .gnu.attributes
                0x00000080       0x10 build/default/production/_ext/1128951024/tasks.o
 .gnu.attributes
                0x00000090       0x10 build/default/production/_ext/1128951024/timers.o
 .gnu.attributes
                0x000000a0       0x10 build/default/production/_ext/1128951024/event_groups.o
 .gnu.attributes
                0x000000b0       0x10 build/default/production/_ext/1856876499/heap_1.o
 .gnu.attributes
                0x000000c0       0x10 build/default/production/_ext/12131622/port.o
 .gnu.attributes
                0x000000d0       0x10 build/default/production/_ext/1360937237/app.o
 .gnu.attributes
                0x000000e0       0x10 build/default/production/_ext/1361460060/drv_adc_static.o
 .gnu.attributes
                0x000000f0       0x10 build/default/production/_ext/1345626252/drv_usart_static.o
 .gnu.attributes
                0x00000100       0x10 build/default/production/_ext/639803181/sys_clk_static.o
 .gnu.attributes
                0x00000110       0x10 build/default/production/_ext/822048611/sys_ports_static.o
 .gnu.attributes
                0x00000120       0x10 build/default/production/_ext/1688732426/system_init.o
 .gnu.attributes
                0x00000130       0x10 build/default/production/_ext/1688732426/system_interrupt.o
 .gnu.attributes
                0x00000140       0x10 build/default/production/_ext/1688732426/system_exceptions.o
 .gnu.attributes
                0x00000150       0x10 build/default/production/_ext/1360937237/main.o
 .gnu.attributes
                0x00000160       0x10 build/default/production/_ext/1688732426/system_tasks.o
 .gnu.attributes
                0x00000170       0x10 build/default/production/_ext/1688732426/rtos_hooks.o
 .gnu.attributes
                0x00000180       0x10 c:/program files (x86)/microchip/xc32/v1.40/bin/bin/../../lib/gcc/pic32mx/4.8.3/../../../../pic32mx/lib\libpic32.a(default-bootstrap-exception-handler.o)
 .gnu.attributes
                0x00000190       0x10 c:/program files (x86)/microchip/xc32/v1.40/bin/bin/../../lib/gcc/pic32mx/4.8.3/../../../../pic32mx/lib\libpic32.a(default-on-reset.o)
 .gnu.attributes
                0x000001a0       0x10 c:/program files (x86)/microchip/xc32/v1.40/bin/bin/../../lib/gcc/pic32mx/4.8.3/../../../../pic32mx/lib\libpic32.a(default-on-bootstrap.o)
 .gnu.attributes
                0x000001b0       0x10 c:/program files (x86)/microchip/xc32/v1.40/bin/bin/../../lib/gcc/pic32mx/4.8.3/../../../../pic32mx/lib\libpic32.a(defaultinterrupt.o)
LOAD c:/program files (x86)/microchip/xc32/v1.40/bin/bin/../../lib/gcc/pic32mx/4.8.3\libgcc.a
START GROUP
LOAD c:/program files (x86)/microchip/xc32/v1.40/bin/bin/../../lib/gcc/pic32mx/4.8.3/../../../../pic32mx/lib\libpic32.a
LOAD c:/program files (x86)/microchip/xc32/v1.40/bin/bin/../../lib/gcc/pic32mx/4.8.3/../../../../pic32mx/lib\libdebug.a
LOAD c:/program files (x86)/microchip/xc32/v1.40/bin/bin/../../lib/gcc/pic32mx/4.8.3/../../../../pic32mx/lib\libpic32.a
LOAD c:/program files (x86)/microchip/xc32/v1.40/bin/bin/../../lib/gcc/pic32mx/4.8.3/../../../../pic32mx/lib\libm.a
LOAD c:/program files (x86)/microchip/xc32/v1.40/bin/bin/../../lib/gcc/pic32mx/4.8.3/../../../../pic32mx/lib\libe.a
LOAD c:/program files (x86)/microchip/xc32/v1.40/bin/bin/../../lib/gcc/pic32mx/4.8.3/../../../../pic32mx/lib\libdsp.a
LOAD c:/program files (x86)/microchip/xc32/v1.40/bin/bin/../../lib/gcc/pic32mx/4.8.3\libgcc.a
LOAD c:/program files (x86)/microchip/xc32/v1.40/bin/bin/../../lib/gcc/pic32mx/4.8.3/../../../../pic32mx/lib\libc.a
LOAD c:/program files (x86)/microchip/xc32/v1.40/bin/bin/../../lib/gcc/pic32mx/4.8.3/../../../../pic32mx/lib\libpic32.a
END GROUP
LOAD c:/program files (x86)/microchip/xc32/v1.40/bin/bin/../../lib/gcc/pic32mx/4.8.3\libgcc.a
OUTPUT(dist/default/production/milestone2.X.production.elf elf32-tradlittlemips)
LOAD stack
LOAD data_init

.reginfo        0x00000000       0x18
 .reginfo       0x00000000       0x18 c:/program files (x86)/microchip/xc32/v1.40/bin/bin/../../lib/gcc/pic32mx/4.8.3/../../../../pic32mx/lib/./proc/32MX795F512L/crt0_mips32r2.o

.stack          0xa000a568      0x400
 .stack         0xa000a568      0x400 stack

.bss            0xa0000078     0xa460
 .bss           0xa0000078     0x9d58 build/default/production/_ext/1856876499/heap_1.o
 .bss           0xa0009dd0      0x640 build/default/production/_ext/12131622/port.o
                0xa0009dd0                xISRStack
 .bss           0xa000a410       0xc8 build/default/production/_ext/1128951024/tasks.o

.data           0xa000a4d8       0x4c
 .data          0xa000a4d8       0x4c build/default/production/_ext/1688732426/system_exceptions.o

.bss            0xa000a524       0x28
 .bss           0xa000a524       0x28 build/default/production/_ext/1128951024/timers.o

._debug_exception
                0xbfc00480       0x2c
 ._debug_exception
                0xbfc00480       0x2c c:/program files (x86)/microchip/xc32/v1.40/bin/bin/../../lib/gcc/pic32mx/4.8.3/../../../../pic32mx/lib\debug-exception-return.o
                0xbfc00480                __DbgExecReturn

.text           0x9d000000      0x454
 .text          0x9d000000      0x454 build/default/production/_ext/12131622/port_asm.o
                0x9d000000                vPortTickInterruptHandler
                0x9d0001ac                vPortStartFirstTask
                0x9d000274                vPortYieldISR

.text.xTaskGenericCreate
                0x9d000454      0x2e0
 .text.xTaskGenericCreate
                0x9d000454      0x2e0 build/default/production/_ext/1128951024/tasks.o
                0x9d000454                xTaskGenericCreate

.text.prvTimerTask
                0x9d000734      0x264
 .text.prvTimerTask
                0x9d000734      0x264 build/default/production/_ext/1128951024/timers.o

.text.xQueueGenericReceive
                0x9d000998      0x24c
 .text.xQueueGenericReceive
                0x9d000998      0x24c build/default/production/_ext/1128951024/queue.o
                0x9d000998                xQueueGenericReceive

.text.xQueueGenericSend
                0x9d000be4      0x208
 .text.xQueueGenericSend
                0x9d000be4      0x208 build/default/production/_ext/1128951024/queue.o
                0x9d000be4                xQueueGenericSend

.DrvAdc_vector_text
                0x9d000dec      0x1b4
 .DrvAdc_vector_text
                0x9d000dec      0x1b4 build/default/production/_ext/1688732426/system_interrupt_a.o

.DrvUsartInstance0_vector_text
                0x9d000fa0      0x1b4
 .DrvUsartInstance0_vector_text
                0x9d000fa0      0x1b4 build/default/production/_ext/1688732426/system_interrupt_a.o

.text.xTaskIncrementTick
                0x9d001154      0x19c
 .text.xTaskIncrementTick
                0x9d001154      0x19c build/default/production/_ext/1128951024/tasks.o
                0x9d001154                xTaskIncrementTick

.text           0x9d0012f0      0x168
 .text          0x9d0012f0      0x168 c:/program files (x86)/microchip/xc32/v1.40/bin/bin/../../lib/gcc/pic32mx/4.8.3/../../../../pic32mx/lib\libpic32.a(memcpy.o)
                0x9d0012f0                memcpy

.text.xTaskResumeAll
                0x9d001458      0x154
 .text.xTaskResumeAll
                0x9d001458      0x154 build/default/production/_ext/1128951024/tasks.o
                0x9d001458                xTaskResumeAll

.text.DRV_ADC_Initialize
                0x9d0015ac      0x138
 .text.DRV_ADC_Initialize
                0x9d0015ac      0x138 build/default/production/_ext/1361460060/drv_adc_static.o
                0x9d0015ac                DRV_ADC_Initialize

.text.vTaskPriorityInherit
                0x9d0016e4      0x12c
 .text.vTaskPriorityInherit
                0x9d0016e4      0x12c build/default/production/_ext/1128951024/tasks.o
                0x9d0016e4                vTaskPriorityInherit

.text.DRV_USART0_Initialize
                0x9d001810      0x110
 .text.DRV_USART0_Initialize
                0x9d001810      0x110 build/default/production/_ext/1345626252/drv_usart_static.o
                0x9d001810                DRV_USART0_Initialize

.text.prvUnlockQueue
                0x9d001920      0x104
 .text.prvUnlockQueue
                0x9d001920      0x104 build/default/production/_ext/1128951024/queue.o

.text.prvSampleTimeNow
                0x9d001a24      0x104
 .text.prvSampleTimeNow
                0x9d001a24      0x104 build/default/production/_ext/1128951024/timers.o

.dinit          0x9d001b28      0x100
 .dinit         0x9d001b28      0x100 data_init

.text.prvCopyDataToQueue
                0x9d001c28       0xfc
 .text.prvCopyDataToQueue
                0x9d001c28       0xfc build/default/production/_ext/1128951024/queue.o

.text.xTaskPriorityDisinherit
                0x9d001d24       0xf8
 .text.xTaskPriorityDisinherit
                0x9d001d24       0xf8 build/default/production/_ext/1128951024/tasks.o
                0x9d001d24                xTaskPriorityDisinherit

.text.xQueueGenericSendFromISR
                0x9d001e1c       0xe8
 .text.xQueueGenericSendFromISR
                0x9d001e1c       0xe8 build/default/production/_ext/1128951024/queue.o
                0x9d001e1c                xQueueGenericSendFromISR

.text.SYS_DEVCON_PerformanceConfig
                0x9d001f04       0xdc
 .text.SYS_DEVCON_PerformanceConfig
                0x9d001f04       0xdc build/default/production/_ext/1271179505/sys_devcon_pic32mx.o
                0x9d001f04                SYS_DEVCON_PerformanceConfig

.text.vTaskSwitchContext
                0x9d001fe0       0xdc
 .text.vTaskSwitchContext
                0x9d001fe0       0xdc build/default/production/_ext/1128951024/tasks.o
                0x9d001fe0                vTaskSwitchContext

.rodata         0x9d0020bc       0xdc
 .rodata        0x9d0020bc       0xdc build/default/production/_ext/1688732426/system_exceptions.o

.text.general_exception
                0x9d002198       0xdc
 .text.general_exception
                0x9d002198       0xdc c:/program files (x86)/microchip/xc32/v1.40/bin/bin/../../lib/gcc/pic32mx/4.8.3/../../../../pic32mx/lib\libpic32.a(general-exception.o)
                0x9d002198                _general_exception_context

.text.xQueueGenericReset
                0x9d002274       0xc4
 .text.xQueueGenericReset
                0x9d002274       0xc4 build/default/production/_ext/1128951024/queue.o
                0x9d002274                xQueueGenericReset

.text.xTaskRemoveFromEventList
                0x9d002338       0xbc
 .text.xTaskRemoveFromEventList
                0x9d002338       0xbc build/default/production/_ext/1128951024/tasks.o
                0x9d002338                xTaskRemoveFromEventList

.text.pvPortMalloc
                0x9d0023f4       0xbc
 .text.pvPortMalloc
                0x9d0023f4       0xbc build/default/production/_ext/1856876499/heap_1.o
                0x9d0023f4                pvPortMalloc

.text.prvIdleTask
                0x9d0024b0       0xb4
 .text.prvIdleTask
                0x9d0024b0       0xb4 build/default/production/_ext/1128951024/tasks.o

.text           0x9d002564       0xa8
 .text          0x9d002564       0xa8 c:/program files (x86)/microchip/xc32/v1.40/bin/bin/../../lib/gcc/pic32mx/4.8.3/../../../../pic32mx/lib\libpic32.a(memset.o)
                0x9d002564                memset

.text.xTaskCheckForTimeOut
                0x9d00260c       0xa0
 .text.xTaskCheckForTimeOut
                0x9d00260c       0xa0 build/default/production/_ext/1128951024/tasks.o
                0x9d00260c                xTaskCheckForTimeOut

.text           0x9d0026ac       0x98
 .text          0x9d0026ac       0x98 c:/program files (x86)/microchip/xc32/v1.40/bin/bin/../../lib/gcc/pic32mx/4.8.3/../../../../pic32mx/lib\libpic32.a(memcmp.o)
                0x9d0026ac                memcmp

.text.xQueueGenericCreate
                0x9d002744       0x94
 .text.xQueueGenericCreate
                0x9d002744       0x94 build/default/production/_ext/1128951024/queue.o
                0x9d002744                xQueueGenericCreate

.text.vTaskPlaceOnEventList
                0x9d0027d8       0x94
 .text.vTaskPlaceOnEventList
                0x9d0027d8       0x94 build/default/production/_ext/1128951024/tasks.o
                0x9d0027d8                vTaskPlaceOnEventList

.text.xTimerGenericCommand
                0x9d00286c       0x94
 .text.xTimerGenericCommand
                0x9d00286c       0x94 build/default/production/_ext/1128951024/timers.o
                0x9d00286c                xTimerGenericCommand

.text.vTaskStartScheduler
                0x9d002900       0x90
 .text.vTaskStartScheduler
                0x9d002900       0x90 build/default/production/_ext/1128951024/tasks.o
                0x9d002900                vTaskStartScheduler

.text.SYS_Tasks
                0x9d002990       0x78
 .text.SYS_Tasks
                0x9d002990       0x78 build/default/production/_ext/1688732426/system_tasks.o
                0x9d002990                SYS_Tasks

.text.vQueueWaitForMessageRestricted
                0x9d002a08       0x74
 .text.vQueueWaitForMessageRestricted
                0x9d002a08       0x74 build/default/production/_ext/1128951024/queue.o
                0x9d002a08                vQueueWaitForMessageRestricted

.text.prvInsertTimerInActiveList
                0x9d002a7c       0x74
 .text.prvInsertTimerInActiveList
                0x9d002a7c       0x74 build/default/production/_ext/1128951024/timers.o

.text.prvCheckForValidListAndQueue
                0x9d002af0       0x74
 .text.prvCheckForValidListAndQueue
                0x9d002af0       0x74 build/default/production/_ext/1128951024/timers.o

.text.prvAddCurrentTaskToDelayedList
                0x9d002b64       0x70
 .text.prvAddCurrentTaskToDelayedList
                0x9d002b64       0x70 build/default/production/_ext/1128951024/tasks.o

.text.vTaskPlaceOnEventListRestricted
                0x9d002bd4       0x6c
 .text.vTaskPlaceOnEventListRestricted
                0x9d002bd4       0x6c build/default/production/_ext/1128951024/tasks.o
                0x9d002bd4                vTaskPlaceOnEventListRestricted

.text.vApplicationSetupTickTimerInterrupt
                0x9d002c40       0x6c
 .text.vApplicationSetupTickTimerInterrupt
                0x9d002c40       0x6c build/default/production/_ext/12131622/port.o
                0x9d002c40                vApplicationSetupTickTimerInterrupt

.text.SYS_Initialize
                0x9d002cac       0x6c
 .text.SYS_Initialize
                0x9d002cac       0x6c build/default/production/_ext/1688732426/system_init.o
                0x9d002cac                SYS_Initialize

.text.vTaskExitCritical
                0x9d002d18       0x68
 .text.vTaskExitCritical
                0x9d002d18       0x68 build/default/production/_ext/1128951024/tasks.o
                0x9d002d18                vTaskExitCritical

.text.xTimerCreateTimerTask
                0x9d002d80       0x60
 .text.xTimerCreateTimerTask
                0x9d002d80       0x60 build/default/production/_ext/1128951024/timers.o
                0x9d002d80                xTimerCreateTimerTask

.text.vListInsert
                0x9d002de0       0x5c
 .text.vListInsert
                0x9d002de0       0x5c build/default/production/_ext/1128951024/list.o
                0x9d002de0                vListInsert

.text.xPortStartScheduler
                0x9d002e3c       0x5c
 .text.xPortStartScheduler
                0x9d002e3c       0x5c build/default/production/_ext/12131622/port.o
                0x9d002e3c                xPortStartScheduler

.text.SYS_DEVCON_SystemUnlock
                0x9d002e98       0x58
 .text.SYS_DEVCON_SystemUnlock
                0x9d002e98       0x58 build/default/production/_ext/1271179505/sys_devcon.o
                0x9d002e98                SYS_DEVCON_SystemUnlock

.text.SYS_CLK_Initialize
                0x9d002ef0       0x58
 .text.SYS_CLK_Initialize
                0x9d002ef0       0x58 build/default/production/_ext/639803181/sys_clk_static.o
                0x9d002ef0                SYS_CLK_Initialize

.text.main_entry
                0x9d002f48       0x54
 .text.main_entry
                0x9d002f48       0x54 c:/program files (x86)/microchip/xc32/v1.40/bin/bin/../../lib/gcc/pic32mx/4.8.3/../../../../pic32mx/lib/./proc/32MX795F512L/crt0_mips32r2.o
                0x9d002f7c                __crt0_exit

.text.pxPortInitialiseStack
                0x9d002f9c       0x54
 .text.pxPortInitialiseStack
                0x9d002f9c       0x54 build/default/production/_ext/12131622/port.o
                0x9d002f9c                pxPortInitialiseStack

.text.vPortIncrementTick
                0x9d002ff0       0x54
 .text.vPortIncrementTick
                0x9d002ff0       0x54 build/default/production/_ext/12131622/port.o
                0x9d002ff0                vPortIncrementTick

.text.initUART  0x9d003044       0x54
 .text.initUART
                0x9d003044       0x54 build/default/production/_ext/1360937237/app.o
                0x9d003044                initUART

.text.prvCopyDataFromQueue
                0x9d003098       0x50
 .text.prvCopyDataFromQueue
                0x9d003098       0x50 build/default/production/_ext/1128951024/queue.o

.text.vTaskEnterCritical
                0x9d0030e8       0x50
 .text.vTaskEnterCritical
                0x9d0030e8       0x50 build/default/production/_ext/1128951024/tasks.o
                0x9d0030e8                vTaskEnterCritical

.text.SYS_DEVCON_SystemLock
                0x9d003138       0x48
 .text.SYS_DEVCON_SystemLock
                0x9d003138       0x48 build/default/production/_ext/1271179505/sys_devcon.o
                0x9d003138                SYS_DEVCON_SystemLock

.text._bootstrap_exception_handler
                0x9d003180       0x48
 .text._bootstrap_exception_handler
                0x9d003180       0x48 c:/program files (x86)/microchip/xc32/v1.40/bin/bin/../../lib/gcc/pic32mx/4.8.3/../../../../pic32mx/lib\libpic32.a(default-bootstrap-exception-handler.o)
                0x9d003180                _bootstrap_exception_handler

.vector_default
                0x9d0031c8       0x48
 .vector_default
                0x9d0031c8       0x48 c:/program files (x86)/microchip/xc32/v1.40/bin/bin/../../lib/gcc/pic32mx/4.8.3/../../../../pic32mx/lib\libpic32.a(defaultinterrupt.o)
                0x9d0031c8                _DefaultInterrupt

.text.uxListRemove
                0x9d003210       0x44
 .text.uxListRemove
                0x9d003210       0x44 build/default/production/_ext/1128951024/list.o
                0x9d003210                uxListRemove

.text           0x9d003254       0x44
 .text          0x9d003254       0x44 c:/program files (x86)/microchip/xc32/v1.40/bin/bin/../../lib/gcc/pic32mx/4.8.3/../../../../pic32mx/lib\pic32_software_reset.o
                0x9d003254                __pic32_software_reset

.text.sendString
                0x9d003298       0x40
 .text.sendString
                0x9d003298       0x40 build/default/production/_ext/1360937237/app.o
                0x9d003298                sendString

.text.SYS_PORTS_Initialize
                0x9d0032d8       0x40
 .text.SYS_PORTS_Initialize
                0x9d0032d8       0x40 build/default/production/_ext/822048611/sys_ports_static.o
                0x9d0032d8                SYS_PORTS_Initialize

.text._general_exception_handler
                0x9d003318       0x40
 .text._general_exception_handler
                0x9d003318       0x40 build/default/production/_ext/1688732426/system_exceptions.o
                0x9d003318                _general_exception_handler

.text.uxPortSetInterruptMaskFromISR
                0x9d003358       0x3c
 .text.uxPortSetInterruptMaskFromISR
                0x9d003358       0x3c build/default/production/_ext/12131622/port.o
                0x9d003358                uxPortSetInterruptMaskFromISR

.text.prvResetNextTaskUnblockTime
                0x9d003394       0x38
 .text.prvResetNextTaskUnblockTime
                0x9d003394       0x38 build/default/production/_ext/1128951024/tasks.o

.text.vListInsertEnd
                0x9d0033cc       0x30
 .text.vListInsertEnd
                0x9d0033cc       0x30 build/default/production/_ext/1128951024/list.o
                0x9d0033cc                vListInsertEnd

.text.prvTaskExitError
                0x9d0033fc       0x2c
 .text.prvTaskExitError
                0x9d0033fc       0x2c build/default/production/_ext/12131622/port.o

.text.vApplicationStackOverflowHook
                0x9d003428       0x2c
 .text.vApplicationStackOverflowHook
                0x9d003428       0x2c build/default/production/_ext/1688732426/rtos_hooks.o
                0x9d003428                vApplicationStackOverflowHook

.text.vApplicationMallocFailedHook
                0x9d003454       0x2c
 .text.vApplicationMallocFailedHook
                0x9d003454       0x2c build/default/production/_ext/1688732426/rtos_hooks.o
                0x9d003454                vApplicationMallocFailedHook

.text.pvTaskIncrementMutexHeldCount
                0x9d003480       0x28
 .text.pvTaskIncrementMutexHeldCount
                0x9d003480       0x28 build/default/production/_ext/1128951024/tasks.o
                0x9d003480                pvTaskIncrementMutexHeldCount

.text.IntHandlerDrvUsartInstance0
                0x9d0034a8       0x28
 .text.IntHandlerDrvUsartInstance0
                0x9d0034a8       0x28 build/default/production/_ext/1688732426/system_interrupt.o
                0x9d0034a8                IntHandlerDrvUsartInstance0

.text.vListInitialise
                0x9d0034d0       0x20
 .text.vListInitialise
                0x9d0034d0       0x20 build/default/production/_ext/1128951024/list.o
                0x9d0034d0                vListInitialise

.text.xTaskGetSchedulerState
                0x9d0034f0       0x20
 .text.xTaskGetSchedulerState
                0x9d0034f0       0x20 build/default/production/_ext/1128951024/tasks.o
                0x9d0034f0                xTaskGetSchedulerState

.text.main      0x9d003510       0x20
 .text.main     0x9d003510       0x20 build/default/production/_ext/1360937237/main.o
                0x9d003510                main

.text.SYS_DEVCON_JTAGDisable
                0x9d003530       0x1c
 .text.SYS_DEVCON_JTAGDisable
                0x9d003530       0x1c build/default/production/_ext/1271179505/sys_devcon.o
                0x9d003530                SYS_DEVCON_JTAGDisable

.rodata         0x9d00354c       0x1c
 .rodata        0x9d00354c       0x1c build/default/production/_ext/1128951024/tasks.o

.text.vPortClearInterruptMaskFromISR
                0x9d003568       0x1c
 .text.vPortClearInterruptMaskFromISR
                0x9d003568       0x1c build/default/production/_ext/12131622/port.o
                0x9d003568                vPortClearInterruptMaskFromISR

.text.APP_Initialize
                0x9d003584       0x1c
 .text.APP_Initialize
                0x9d003584       0x1c build/default/production/_ext/1360937237/app.o
                0x9d003584                APP_Initialize

.text.APP_Tasks
                0x9d0035a0       0x1c
 .text.APP_Tasks
                0x9d0035a0       0x1c build/default/production/_ext/1360937237/app.o
                0x9d0035a0                APP_Tasks

.text.SYS_INT_Initialize
                0x9d0035bc       0x18
 .text.SYS_INT_Initialize
                0x9d0035bc       0x18 build/default/production/_ext/122796885/sys_int_pic32.o
                0x9d0035bc                SYS_INT_Initialize

.text.IntHandlerDrvAdc
                0x9d0035d4       0x18
 .text.IntHandlerDrvAdc
                0x9d0035d4       0x18 build/default/production/_ext/1688732426/system_interrupt.o
                0x9d0035d4                IntHandlerDrvAdc

.rodata         0x9d0035ec       0x18
 .rodata        0x9d0035ec       0x18 build/default/production/_ext/1688732426/system_tasks.o

.text._SYS_Tasks
                0x9d003604       0x18
 .text._SYS_Tasks
                0x9d003604       0x18 build/default/production/_ext/1688732426/system_tasks.o

.text._APP_Tasks
                0x9d00361c       0x18
 .text._APP_Tasks
                0x9d00361c       0x18 build/default/production/_ext/1688732426/system_tasks.o

.text           0x9d003634       0x18
 .text          0x9d003634       0x18 c:/program files (x86)/microchip/xc32/v1.40/bin/bin/../../lib/gcc/pic32mx/4.8.3/../../../../pic32mx/lib\libpic32.a(default-nmi-handler.o)